Product: MDK-ARM Professional 5.10
Component: ARM Compiler 5.04 update 1 (build 49)
Tool: armlink [5040049]

==============================================================================

Section Cross References

    main.o(.text) refers to _printf_pad.o(.text) for _printf_pre_padding
    main.o(.text) refers to _printf_percent.o(.ARM.Collect$$_printf_percent$$00000000) for _printf_percent
    main.o(.text) refers to _printf_i.o(.ARM.Collect$$_printf_percent$$00000008) for _printf_i
    main.o(.text) refers to _printf_f.o(.ARM.Collect$$_printf_percent$$00000003) for _printf_f
    main.o(.text) refers to _printf_dec.o(.text) for _printf_int_dec
    main.o(.text) refers to printf1.o(x$fpl$printf1) for _printf_fp_dec
    main.o(.text) refers to _scanf_int.o(.text) for _scanf_int
    main.o(.text) refers to scanf1.o(x$fpl$scanf1) for _scanf_real
    main.o(.text) refers to SerialBase.o(i._ZN4mbed10SerialBase9writeableEv) for mbed::SerialBase::writeable()
    main.o(.text) refers to RawSerial.o(i._ZN4mbed9RawSerial4putcEi) for mbed::RawSerial::putc(int)
    main.o(.text) refers to m3pi.o(.text) for m3pi::right_motor(float)
    main.o(.text) refers to faddsub_clz.o(x$fpl$frsb) for __aeabi_frsub
    main.o(.text) refers to f2d.o(x$fpl$f2d) for __aeabi_f2d
    main.o(.text) refers to drleqf.o(x$fpl$drleqf) for __aeabi_cdrcmple
    main.o(.text) refers to daddsub_clz.o(x$fpl$dsub) for __aeabi_dsub
    main.o(.text) refers to d2f.o(x$fpl$d2f) for __aeabi_d2f
    main.o(.text) refers to dleqf.o(x$fpl$dleqf) for __aeabi_cdcmple
    main.o(.text) refers to daddsub_clz.o(x$fpl$dadd) for __aeabi_dadd
    main.o(.text) refers to fflt_clz.o(x$fpl$fflt) for __aeabi_i2f
    main.o(.text) refers to faddsub_clz.o(x$fpl$fsub) for __aeabi_fsub
    main.o(.text) refers to main.o(i._ZSt5atan2ff) for std::atan2(float, float)
    main.o(.text) refers to main.o(i._ZSt3powfi) for std::pow(float, int)
    main.o(.text) refers to faddsub_clz.o(x$fpl$fadd) for __aeabi_fadd
    main.o(.text) refers to main.o(i._ZSt4sqrtf) for std::sqrt(float)
    main.o(.text) refers to main.o(i._ZSt3sinf) for std::sin(float)
    main.o(.text) refers to fmul.o(x$fpl$fmul) for __aeabi_fmul
    main.o(.text) refers to main.o(i._ZSt3cosf) for std::cos(float)
    main.o(.text) refers to frleqf.o(x$fpl$frleqf) for __aeabi_cfrcmple
    main.o(.text) refers to __2sprintf.o(.text) for __2sprintf
    main.o(.text) refers to strlen.o(.text) for strlen
    main.o(.text) refers to main.o(.bss) for Wixel
    main.o(.text) refers to main.o(.data) for robotState
    main.o(.text) refers to fleqf.o(x$fpl$fleqf) for __aeabi_cfcmple
    main.o(.text) refers to main.o(.conststring) for .conststring
    main.o(.text) refers to dmul.o(x$fpl$dmul) for __aeabi_dmul
    main.o(.text) refers to strncmp.o(.text) for strncmp
    main.o(.text) refers to __0sscanf.o(.text) for __0sscanf
    main.o(.text) refers to ffix.o(x$fpl$ffix) for __aeabi_f2iz
    main.o(.text) refers to RawSerial.o(i._ZN4mbed9RawSerial4getcEv) for mbed::RawSerial::getc()
    main.o(.text) refers to strcpy.o(.text) for strcpy
    main.o(.text) refers to SerialBase.o(i._ZN4mbed10SerialBase4baudEi) for mbed::SerialBase::baud(int)
    main.o(.text) refers to SerialBase.o(i._ZN4mbed10SerialBase6attachEPFvvENS0_7IrqTypeE) for mbed::SerialBase::attach(void(*)(), mbed::SerialBase::IrqType)
    main.o(.text) refers to aeabi_atexit.o(i.__aeabi_atexit) for __aeabi_atexit
    main.o(.text) refers to RawSerial.o(i._ZN4mbed9RawSerialC1E7PinNameS1_) for mbed::RawSerial::RawSerial(PinName, PinName)
    main.o(.text) refers to TimerEvent.o(i._ZN4mbed10TimerEventC2Ev) for mbed::TimerEvent::TimerEvent__sub_object()
    main.o(.text) refers to FunctionPointer.o(i._ZN4mbed15FunctionPointerC1EPFvvE) for mbed::FunctionPointer::FunctionPointer(void(*)())
    main.o(.text) refers to main.o(i._ZN4m3piD1Ev) for m3pi::~m3pi()
    main.o(.text) refers to RawSerial.o(i._ZN4mbed9RawSerialD1Ev) for mbed::RawSerial::~RawSerial()
    main.o(.text) refers to Ticker.o(.constdata__ZTVN4mbed6TickerE) for vtable for mbed::Ticker
    main.o(.text) refers to Ticker.o(i._ZN4mbed6TickerD1Ev) for mbed::Ticker::~Ticker()
    main.o(.ARM.exidx) refers to main.o(.text) for .text
    main.o(.init_array) refers to main.o(.text) for __sti___8_main_cpp_m3pi
    main.o(.init_array) refers to init_aeabi.o(.text) for __cpp_initialize__aeabi_
    m3pi.o(.text) refers to m3pi.o(i._ZN4mbed10DigitalOutaSEi) for mbed::DigitalOut::operator =(int)
    m3pi.o(.text) refers to wait_api.o(i.wait) for wait
    m3pi.o(.text) refers to Stream.o(i._ZN4mbed6StreamC2EPKc) for mbed::Stream::Stream__sub_object(const char*)
    m3pi.o(.text) refers to m3pi.o(i._ZN4mbed10DigitalOutC1E7PinName) for mbed::DigitalOut::DigitalOut(PinName)
    m3pi.o(.text) refers to Serial.o(i._ZN4mbed6SerialC1E7PinNameS1_PKc) for mbed::Serial::Serial(PinName, PinName, const char*)
[...]
    _d2e_norm_op1                            0x00004585   Thumb Code    96  btod.o(CL$$btod_d2e_norm_op1)
    __btod_div_common                        0x000045e5   Thumb Code   696  btod.o(CL$$btod_div_common)
    _e2d                                     0x0000491d   Thumb Code    80  btod.o(CL$$btod_e2d)
    _e2e                                     0x00004971   Thumb Code   198  btod.o(CL$$btod_e2e)
    _btod_ediv                               0x00004a37   Thumb Code    40  btod.o(CL$$btod_ediv)
    _btod_edivd                              0x00004a5f   Thumb Code    40  btod.o(CL$$btod_edivd)
    _btod_emul                               0x00004a87   Thumb Code    40  btod.o(CL$$btod_emul)
    _btod_emuld                              0x00004aaf   Thumb Code    40  btod.o(CL$$btod_emuld)
    __btod_mult_common                       0x00004ad7   Thumb Code   580  btod.o(CL$$btod_mult_common)
    main                                     0x00004d1b   Thumb Code    18  retarget.o(i.$Sub$$main)
    NVIC_SetVector                           0x00004d35   Thumb Code   102  cmsis_nvic.o(i.NVIC_SetVector)
    SystemInit                               0x00004da1   Thumb Code   150  system_LPC17xx.o(i.SystemInit)
    m3pi::~m3pi()                            0x00004e41   Thumb Code    46  main.o(i._ZN4m3piD1Ev)
    m3pi::~m3pi__sub_object()                0x00004e41   Thumb Code     0  main.o(i._ZN4m3piD1Ev)
    mbed::DigitalOut::write(int)             0x00004e75   Thumb Code    50  m3pi.o(i._ZN4mbed10DigitalOut5writeEi)
    mbed::DigitalOut::DigitalOut(PinName)    0x00004efd   Thumb Code    26  m3pi.o(i._ZN4mbed10DigitalOutC1E7PinName)
    mbed::DigitalOut::DigitalOut__sub_object(PinName) 0x00004efd   Thumb Code     0  m3pi.o(i._ZN4mbed10DigitalOutC1E7PinName)
    mbed::DigitalOut::operator =(int)        0x00004f17   Thumb Code    18  m3pi.o(i._ZN4mbed10DigitalOutaSEi)
    mbed::FileHandle::flen()                 0x00004f29   Thumb Code    58  retarget.o(i._ZN4mbed10FileHandle4flenEv)
    mbed::FileHandle::~FileHandle()          0x00004f65   Thumb Code     0  retarget.o(i._ZN4mbed10FileHandleD2Ev)
    mbed::FileHandle::~FileHandle__sub_object() 0x00004f65   Thumb Code    38  retarget.o(i._ZN4mbed10FileHandleD2Ev)
    mbed::SerialBase::_base_getc()           0x00004f95   Thumb Code     6  SerialBase.o(i._ZN4mbed10SerialBase10_base_getcEv)
    mbed::SerialBase::_base_putc(int)        0x00004f9b   Thumb Code    14  SerialBase.o(i._ZN4mbed10SerialBase10_base_putcEi)
    mbed::SerialBase::_irq_handler(unsigned, SerialIrq) 0x00004fa9   Thumb Code    14  SerialBase.o(i._ZN4mbed10SerialBase12_irq_handlerEj9SerialIrq)
    mbed::SerialBase::baud(int)              0x00004fb7   Thumb Code    16  SerialBase.o(i._ZN4mbed10SerialBase4baudEi)
    mbed::SerialBase::attach(void(*)(), mbed::SerialBase::IrqType) 0x00004fc7   Thumb Code    50  SerialBase.o(i._ZN4mbed10SerialBase6attachEPFvvENS0_7IrqTypeE)
    mbed::SerialBase::writeable()            0x00004ff9   Thumb Code     6  SerialBase.o(i._ZN4mbed10SerialBase9writeableEv)
    mbed::SerialBase::SerialBase(PinName, PinName) 0x00005001   Thumb Code    62  SerialBase.o(i._ZN4mbed10SerialBaseC1E7PinNameS1_)
    mbed::SerialBase::SerialBase__sub_object(PinName, PinName) 0x00005001   Thumb Code     0  SerialBase.o(i._ZN4mbed10SerialBaseC1E7PinNameS1_)
    mbed::TimerEvent::irq(unsigned)          0x0000504d   Thumb Code     6  TimerEvent.o(i._ZN4mbed10TimerEvent3irqEj)
    mbed::TimerEvent::insert(unsigned)       0x00005053   Thumb Code     8  TimerEvent.o(i._ZN4mbed10TimerEvent6insertEj)
    mbed::TimerEvent::TimerEvent__sub_object() 0x0000505d   Thumb Code    26  TimerEvent.o(i._ZN4mbed10TimerEventC2Ev)
    mbed::TimerEvent::~TimerEvent()          0x00005081   Thumb Code     0  TimerEvent.o(i._ZN4mbed10TimerEventD2Ev)
    mbed::TimerEvent::~TimerEvent__sub_object() 0x00005081   Thumb Code    18  TimerEvent.o(i._ZN4mbed10TimerEventD2Ev)
    mbed::FunctionPointer::call()            0x00005099   Thumb Code    24  FunctionPointer.o(i._ZN4mbed15FunctionPointer4callEv)
    mbed::FunctionPointer::attach(void(*)()) 0x000050b1   Thumb Code     8  FunctionPointer.o(i._ZN4mbed15FunctionPointer6attachEPFvvE)
    mbed::FunctionPointer::FunctionPointer(void(*)()) 0x000050b9   Thumb Code    10  FunctionPointer.o(i._ZN4mbed15FunctionPointerC1EPFvvE)
    mbed::FunctionPointer::FunctionPointer__sub_object(void(*)()) 0x000050b9   Thumb Code     0  FunctionPointer.o(i._ZN4mbed15FunctionPointerC1EPFvvE)
    mbed::BusOut::BusOut(PinName, PinName, PinName, PinName, PinName, PinName, PinName, PinName, PinName, PinName, PinName, PinName, PinName, PinName, PinName, PinName) 0x000050c5   Thumb Code   160  BusOut.o(i._ZN4mbed6BusOutC1E7PinNameS1_S1_S1_S1_S1_S1_S1_S1_S1_S1_S1_S1_S1_S1_S1_)
    mbed::BusOut::BusOut__sub_object(PinName, PinName, PinName, PinName, PinName, PinName, PinName, PinName, PinName, PinName, PinName, PinName, PinName, PinName, PinName, PinName) 0x000050c5   Thumb Code     0  BusOut.o(i._ZN4mbed6BusOutC1E7PinNameS1_S1_S1_S1_S1_S1_S1_S1_S1_S1_S1_S1_S1_S1_S1_)
    mbed::BusOut::~BusOut()                  0x00005169   Thumb Code    36  BusOut.o(i._ZN4mbed6BusOutD1Ev)
    mbed::BusOut::~BusOut__sub_object()      0x00005169   Thumb Code     0  BusOut.o(i._ZN4mbed6BusOutD1Ev)
    mbed::BusOut::operator =(int)            0x00005191   Thumb Code    72  BusOut.o(i._ZN4mbed6BusOutaSEi)
    mbed::Serial::Serial(PinName, PinName, const char*) 0x000051dd   Thumb Code    32  Serial.o(i._ZN4mbed6SerialC1E7PinNameS1_PKc)
    mbed::Serial::Serial__sub_object(PinName, PinName, const char*) 0x000051dd   Thumb Code     0  Serial.o(i._ZN4mbed6SerialC1E7PinNameS1_PKc)
    mbed::Stream::flen()                     0x00005201   Thumb Code     4  Stream.o(i._ZN4mbed6Stream4flenEv)
    mbed::Stream::getc()                     0x00005205   Thumb Code    20  Stream.o(i._ZN4mbed6Stream4getcEv)
    mbed::Stream::putc(int)                  0x00005219   Thumb Code    24  Stream.o(i._ZN4mbed6Stream4putcEi)
    mbed::Stream::read(void*, unsigned)      0x00005231   Thumb Code    42  Stream.o(i._ZN4mbed6Stream4readEPvj)
    mbed::Stream::close()                    0x0000525b   Thumb Code     4  Stream.o(i._ZN4mbed6Stream5closeEv)
    mbed::Stream::lseek(long, int)           0x0000525f   Thumb Code     4  Stream.o(i._ZN4mbed6Stream5lseekEli)
    mbed::Stream::write(const void*, unsigned) 0x00005263   Thumb Code    42  Stream.o(i._ZN4mbed6Stream5writeEPKvj)
    mbed::Stream::isatty()                   0x0000528d   Thumb Code     4  Stream.o(i._ZN4mbed6Stream6isattyEv)
    mbed::Stream::Stream__sub_object(const char*) 0x00005291   Thumb Code    54  Stream.o(i._ZN4mbed6StreamC2EPKc)
    mbed::Stream::~Stream()                  0x000052d5   Thumb Code     0  Stream.o(i._ZN4mbed6StreamD2Ev)
    mbed::Stream::~Stream__sub_object()      0x000052d5   Thumb Code    28  Stream.o(i._ZN4mbed6StreamD2Ev)
    mbed::Ticker::handler()                  0x000052f5   Thumb Code    28  Ticker.o(i._ZN4mbed6Ticker7handlerEv)
    mbed::Ticker::~Ticker()                  0x00005311   Thumb Code     4  Ticker.o(i._ZN4mbed6TickerD1Ev)
    mbed::Ticker::~Ticker__sub_object()      0x00005311   Thumb Code     0  Ticker.o(i._ZN4mbed6TickerD1Ev)
    mbed::FileBase::getPathType()            0x00005315   Thumb Code     4  FileBase.o(i._ZN4mbed8FileBase11getPathTypeEv)
    mbed::FileBase::lookup(const char*, unsigned) 0x00005319   Thumb Code    50  FileBase.o(i._ZN4mbed8FileBase6lookupEPKcj)
    mbed::FileBase::FileBase(const char*, mbed::PathType) 0x00005351   Thumb Code    28  FileBase.o(i._ZN4mbed8FileBaseC1EPKcNS_8PathTypeE)
    mbed::FileBase::FileBase__sub_object(const char*, mbed::PathType) 0x00005351   Thumb Code     0  FileBase.o(i._ZN4mbed8FileBaseC1EPKcNS_8PathTypeE)
    mbed::FileBase::~FileBase()              0x00005375   Thumb Code    46  FileBase.o(i._ZN4mbed8FileBaseD1Ev)
    mbed::FileBase::~FileBase__sub_object()  0x00005375   Thumb Code     0  FileBase.o(i._ZN4mbed8FileBaseD1Ev)
    mbed::FileLike::FileLike__sub_object(const char*) 0x000053ad   Thumb Code    26  FileLike.o(i._ZN4mbed8FileLikeC2EPKc)
    mbed::FileLike::~FileLike()              0x000053d1   Thumb Code     0  FileLike.o(i._ZN4mbed8FileLikeD2Ev)
    mbed::FileLike::~FileLike__sub_object()  0x000053d1   Thumb Code    18  FileLike.o(i._ZN4mbed8FileLikeD2Ev)
    mbed::FilePath::fileSystem()             0x000053e3   Thumb Code    24  FilePath.o(i._ZN4mbed8FilePath10fileSystemEv)
    mbed::FilePath::file()                   0x000053fb   Thumb Code    28  FilePath.o(i._ZN4mbed8FilePath4fileEv)
    mbed::FilePath::exists()                 0x00005417   Thumb Code    10  FilePath.o(i._ZN4mbed8FilePath6existsEv)
    mbed::FilePath::isFile()                 0x00005421   Thumb Code    24  FilePath.o(i._ZN4mbed8FilePath6isFileEv)
    mbed::FilePath::fileName()               0x00005439   Thumb Code     4  FilePath.o(i._ZN4mbed8FilePath8fileNameEv)
    mbed::FilePath::FilePath(const char*)    0x0000543d   Thumb Code    64  FilePath.o(i._ZN4mbed8FilePathC1EPKc)
    mbed::FilePath::FilePath__sub_object(const char*) 0x0000543d   Thumb Code     0  FilePath.o(i._ZN4mbed8FilePathC1EPKc)
    mbed::RawSerial::getc()                  0x0000547d   Thumb Code     4  RawSerial.o(i._ZN4mbed9RawSerial4getcEv)
    mbed::RawSerial::putc(int)               0x00005481   Thumb Code     4  RawSerial.o(i._ZN4mbed9RawSerial4putcEi)
    mbed::RawSerial::RawSerial(PinName, PinName) 0x00005485   Thumb Code    12  RawSerial.o(i._ZN4mbed9RawSerialC1E7PinNameS1_)
    mbed::RawSerial::RawSerial__sub_object(PinName, PinName) 0x00005485   Thumb Code     0  RawSerial.o(i._ZN4mbed9RawSerialC1E7PinNameS1_)
    mbed::RawSerial::~RawSerial()            0x00005495   Thumb Code     2  RawSerial.o(i._ZN4mbed9RawSerialD1Ev)
    mbed::RawSerial::~RawSerial__sub_object() 0x00005495   Thumb Code     0  RawSerial.o(i._ZN4mbed9RawSerialD1Ev)
    std::cos(float)                          0x00005497   Thumb Code    12  main.o(i._ZSt3cosf)
    std::pow(float, int)                     0x000054a3   Thumb Code    24  main.o(i._ZSt3powfi)
    std::sin(float)                          0x000054bb   Thumb Code    12  main.o(i._ZSt3sinf)
    std::sqrt(float)                         0x000054c7   Thumb Code    12  main.o(i._ZSt4sqrtf)
    std::atan2(float, float)                 0x000054d3   Thumb Code    16  main.o(i._ZSt5atan2ff)
    thunk{-72} to mbed::Serial::_getc()      0x000054e3   Thumb Code     6  Serial.o(i._ZThn72_N4mbed6Serial5_getcEv)
    thunk{-72} to mbed::Serial::_putc(int)   0x000054e9   Thumb Code     6  Serial.o(i._ZThn72_N4mbed6Serial5_putcEi)
    operator delete (void*)                  0x000054ef   Thumb Code     8  delete.o(i._ZdlPv)
    operator new(unsigned)                   0x000054f9   Thumb Code    34  new.o(i._Znwj)
    __ARM_fpclassify                         0x00005521   Thumb Code    40  fpclassify.o(i.__ARM_fpclassify)
    __ARM_fpclassifyf                        0x00005549   Thumb Code    38  fpclassifyf.o(i.__ARM_fpclassifyf)
    __aeabi_atexit                           0x0000556f   Thumb Code    50  aeabi_atexit.o(i.__aeabi_atexit)
    __aeabi_vec_ctor_nocookie_nodtor         0x000055a1   Thumb Code    36  aeabi_vec_ctor_nocookie_nodtor.o(i.__aeabi_vec_ctor_nocookie_nodtor)
    __cxa_finalize                           0x000055c5   Thumb Code    66  cxa_finalize.o(i.__cxa_finalize)
    __cxa_pure_virtual                       0x00005607   Thumb Code     6  pure_virt.o(i.__cxa_pure_virtual)
    __mathlib_dbl_underflow                  0x0000560d   Thumb Code    10  dunder.o(i.__mathlib_dbl_underflow)
    __mathlib_flt_underflow                  0x0000561d   Thumb Code    10  funder.o(i.__mathlib_flt_underflow)
    __mathlib_narrow                         0x00005627   Thumb Code    16  narrow.o(i.__mathlib_narrow)
    __mathlib_rredf2                         0x00005639   Thumb Code   326  rredf.o(i.__mathlib_rredf2)
    __mathlib_tofloat                        0x00005791   Thumb Code   132  narrow.o(i.__mathlib_tofloat)
    __support_ldexp                          0x00005819   Thumb Code    22  ldexp.o(i.__support_ldexp)
    __user_setup_stackheap                   0x00005831   Thumb Code    10  sys.o(i.__user_setup_stackheap)
    _is_digit                                0x00005841   Thumb Code    14  __printf_wp.o(i._is_digit)
    _sys_close                               0x00005851   Thumb Code    40  retarget.o(i._sys_close)
    _sys_flen                                0x0000587d   Thumb Code    34  retarget.o(i._sys_flen)
    _sys_istty                               0x000058a5   Thumb Code    34  retarget.o(i._sys_istty)
    _sys_open                                0x000058cd   Thumb Code   300  retarget.o(i._sys_open)
    _sys_read                                0x00005a19   Thumb Code    54  retarget.o(i._sys_read)
    _sys_seek                                0x00005a59   Thumb Code    36  retarget.o(i._sys_seek)
    _sys_write                               0x00005a81   Thumb Code    82  retarget.o(i._sys_write)
    atan2f                                   0x00005ae5   Thumb Code   528  atan2f.o(i.atan2f)
    cosf                                     0x00005d41   Thumb Code   334  cosf.o(i.cosf)
    error                                    0x00005ec5   Thumb Code    20  error.o(i.error)
    exit                                     0x00005edd   Thumb Code    36  exit.o(i.exit)
    fgetc                                    0x00005f09   Thumb Code    24  fgetc.o(i.fgetc)
    fputc                                    0x00005f21   Thumb Code    26  fputc.o(i.fputc)
    frexp                                    0x00005f3d   Thumb Code    80  frexp.o(i.frexp)
    gpio_dir                                 0x00005f95   Thumb Code    52  gpio_api.o(i.gpio_dir)
    gpio_init                                0x00005fe5   Thumb Code    56  gpio_api.o(i.gpio_init)
    gpio_init_in                             0x0000601d   Thumb Code    38  gpio.o(i.gpio_init_in)
    gpio_init_out                            0x00006045   Thumb Code    62  gpio.o(i.gpio_init_out)
    gpio_init_out_ex                         0x00006089   Thumb Code    74  gpio.o(i.gpio_init_out_ex)
    gpio_mode                                0x000060d9   Thumb Code     6  gpio_api.o(i.gpio_mode)
    ldexp                                    0x000060df   Thumb Code   126  ldexp.o(i.ldexp)
    mbed_assert_internal                     0x0000615d   Thumb Code    24  assert.o(i.mbed_assert_internal)
    mbed_die                                 0x000061ad   Thumb Code   242  board.o(i.mbed_die)
    mbed_interface_connected                 0x000062b5   Thumb Code     4  mbed_interface.o(i.mbed_interface_connected)
    mbed_main                                0x000062b9   Thumb Code     2  retarget.o(i.mbed_main)
    mbed_sdk_init                            0x000062bb   Thumb Code     2  retarget.o(i.mbed_sdk_init)
    pin_function                             0x000062bd   Thumb Code    62  pinmap.o(i.pin_function)
    pin_mode                                 0x00006319   Thumb Code   104  pinmap.o(i.pin_mode)
    pinmap_find_peripheral                   0x0000639d   Thumb Code    30  pinmap_common.o(i.pinmap_find_peripheral)
    pinmap_merge                             0x000063bd   Thumb Code    34  pinmap_common.o(i.pinmap_merge)
    pinmap_peripheral                        0x000063f5   Thumb Code    54  pinmap_common.o(i.pinmap_peripheral)
    pinmap_pinout                            0x0000644d   Thumb Code    60  pinmap_common.o(i.pinmap_pinout)
    __mathlib_powf                           0x0000649d   Thumb Code     0  powf.o(i.powf)
    powf                                     0x0000649d   Thumb Code  1538  powf.o(i.powf)
    semihost_connected                       0x00006ab9   Thumb Code    10  semihost_api.o(i.semihost_connected)
    semihost_exit                            0x00006ac9   Thumb Code    12  semihost_api.o(i.semihost_exit)
    serial_baud                              0x00006ad5   Thumb Code   408  serial_api.o(i.serial_baud)
    serial_format                            0x00006c99   Thumb Code   154  serial_api.o(i.serial_format)
    serial_getc                              0x00006d39   Thumb Code    50  serial_api.o(i.serial_getc)
    serial_init                              0x00006d71   Thumb Code   318  serial_api.o(i.serial_init)
    serial_irq_handler                       0x00006ed9   Thumb Code    18  serial_api.o(i.serial_irq_handler)
    serial_irq_set                           0x00006ef5   Thumb Code    24  serial_api.o(i.serial_irq_set)
    serial_putc                              0x00006fe5   Thumb Code   100  serial_api.o(i.serial_putc)
    serial_set_flow_control                  0x0000704d   Thumb Code   252  serial_api.o(i.serial_set_flow_control)
    serial_writable                          0x00007159   Thumb Code    82  serial_api.o(i.serial_writable)
    sinf                                     0x000071b1   Thumb Code   344  sinf.o(i.sinf)
    sqrtf                                    0x0000733d   Thumb Code    44  sqrtf.o(i.sqrtf)
    uart0_irq                                0x00007369   Thumb Code    14  serial_api.o(i.uart0_irq)
    uart1_irq                                0x0000737d   Thumb Code    14  serial_api.o(i.uart1_irq)
    uart2_irq                                0x00007391   Thumb Code    14  serial_api.o(i.uart2_irq)
    uart3_irq                                0x000073a5   Thumb Code    14  serial_api.o(i.uart3_irq)
    us_ticker_clear_interrupt                0x0000741d   Thumb Code     8  us_ticker.o(i.us_ticker_clear_interrupt)
    us_ticker_disable_interrupt              0x00007429   Thumb Code    12  us_ticker.o(i.us_ticker_disable_interrupt)
    us_ticker_init                           0x00007439   Thumb Code    74  us_ticker.o(i.us_ticker_init)
    us_ticker_insert_event                   0x0000749d   Thumb Code    58  us_ticker_api.o(i.us_ticker_insert_event)
    us_ticker_irq_handler                    0x000074dd   Thumb Code    60  us_ticker_api.o(i.us_ticker_irq_handler)
    us_ticker_read                           0x0000751d   Thumb Code    72  us_ticker.o(i.us_ticker_read)
    us_ticker_remove_event                   0x0000757d   Thumb Code    50  us_ticker_api.o(i.us_ticker_remove_event)
    us_ticker_set_handler                    0x000075b5   Thumb Code    14  us_ticker_api.o(i.us_ticker_set_handler)
    us_ticker_set_interrupt                  0x000075c9   Thumb Code    14  us_ticker.o(i.us_ticker_set_interrupt)
    wait                                     0x000075dd   Thumb Code    32  wait_api.o(i.wait)
    wait_ms                                  0x00007601   Thumb Code    28  wait_api.o(i.wait_ms)
    _get_lc_numeric                          0x0000761d   Thumb Code    44  lc_numeric_c.o(locale$$code)
    _get_lc_ctype                            0x00007649   Thumb Code    44  lc_ctype_c.o(locale$$code)
    __aeabi_d2f                              0x00007675   Thumb Code     0  d2f.o(x$fpl$d2f)
    _d2f                                     0x00007675   Thumb Code    98  d2f.o(x$fpl$d2f)
    __aeabi_dadd                             0x000076d9   Thumb Code     0  daddsub_clz.o(x$fpl$dadd)
    _dadd                                    0x000076d9   Thumb Code   332  daddsub_clz.o(x$fpl$dadd)
    __fpl_dcheck_NaN1                        0x00007829   Thumb Code    10  dcheck1.o(x$fpl$dcheck1)
    __fpl_dcmp_Inf                           0x00007839   Thumb Code    24  dcmpi.o(x$fpl$dcmpinf)
    __aeabi_ddiv                             0x00007851   Thumb Code     0  ddiv.o(x$fpl$ddiv)
    _ddiv                                    0x00007851   Thumb Code   552  ddiv.o(x$fpl$ddiv)
    __aeabi_cdcmpeq                          0x00007b01   Thumb Code     0  deqf.o(x$fpl$deqf)
    _dcmpeq                                  0x00007b01   Thumb Code   120  deqf.o(x$fpl$deqf)
    __aeabi_i2d                              0x00007b79   Thumb Code     0  dflt_clz.o(x$fpl$dflt)
    _dflt                                    0x00007b79   Thumb Code    46  dflt_clz.o(x$fpl$dflt)
    __aeabi_cdcmple                          0x00007ba9   Thumb Code     0  dleqf.o(x$fpl$dleqf)
    _dcmple                                  0x00007ba9   Thumb Code   120  dleqf.o(x$fpl$dleqf)
    __fpl_dcmple_InfNaN                      0x00007c0b   Thumb Code     0  dleqf.o(x$fpl$dleqf)
    __aeabi_dmul                             0x00007c21   Thumb Code     0  dmul.o(x$fpl$dmul)
    _dmul                                    0x00007c21   Thumb Code   332  dmul.o(x$fpl$dmul)
    __fpl_dnaninf                            0x00007d75   Thumb Code   156  dnaninf.o(x$fpl$dnaninf)
    __fpl_dretinf                            0x00007e11   Thumb Code    12  dretinf.o(x$fpl$dretinf)
    __aeabi_cdrcmple                         0x00007e1d   Thumb Code     0  drleqf.o(x$fpl$drleqf)
    _drcmple                                 0x00007e1d   Thumb Code   108  drleqf.o(x$fpl$drleqf)
    __aeabi_dsub                             0x00007e89   Thumb Code     0  daddsub_clz.o(x$fpl$dsub)
    _dsub                                    0x00007e89   Thumb Code   464  daddsub_clz.o(x$fpl$dsub)
    __aeabi_f2d                              0x0000805d   Thumb Code     0  f2d.o(x$fpl$f2d)
    _f2d                                     0x0000805d   Thumb Code    86  f2d.o(x$fpl$f2d)
    __aeabi_fadd                             0x000080b5   Thumb Code     0  faddsub_clz.o(x$fpl$fadd)
    _fadd                                    0x000080b5   Thumb Code   196  faddsub_clz.o(x$fpl$fadd)
    __fpl_fcheck_NaN1                        0x00008179   Thumb Code     6  fcheck1.o(x$fpl$fcheck1)
    __fpl_fcmp_Inf                           0x00008185   Thumb Code    24  fcmpi.o(x$fpl$fcmpinf)
    __aeabi_fdiv                             0x0000819d   Thumb Code     0  fdiv.o(x$fpl$fdiv)
    _fdiv                                    0x0000819d   Thumb Code   384  fdiv.o(x$fpl$fdiv)
    __aeabi_cfcmpeq                          0x00008321   Thumb Code     0  feqf.o(x$fpl$feqf)
    _fcmpeq                                  0x00008321   Thumb Code   104  feqf.o(x$fpl$feqf)
    __aeabi_f2iz                             0x00008389   Thumb Code     0  ffix.o(x$fpl$ffix)
    _ffix                                    0x00008389   Thumb Code    54  ffix.o(x$fpl$ffix)
    _ffix_r                                  0x000083c1   Thumb Code    82  ffix.o(x$fpl$ffixr)
    __aeabi_f2uiz                            0x00008415   Thumb Code     0  ffixu.o(x$fpl$ffixu)
    _ffixu                                   0x00008415   Thumb Code    62  ffixu.o(x$fpl$ffixu)
    __aeabi_i2f                              0x00008455   Thumb Code     0  fflt_clz.o(x$fpl$fflt)
    _fflt                                    0x00008455   Thumb Code    48  fflt_clz.o(x$fpl$fflt)
    __aeabi_ui2f                             0x00008485   Thumb Code     0  fflt_clz.o(x$fpl$ffltu)
    _ffltu                                   0x00008485   Thumb Code    38  fflt_clz.o(x$fpl$ffltu)
    __aeabi_cfcmple                          0x000084ad   Thumb Code     0  fleqf.o(x$fpl$fleqf)
    _fcmple                                  0x000084ad   Thumb Code   104  fleqf.o(x$fpl$fleqf)
    __fpl_fcmple_InfNaN                      0x000084ff   Thumb Code     0  fleqf.o(x$fpl$fleqf)
    __aeabi_fmul                             0x00008515   Thumb Code     0  fmul.o(x$fpl$fmul)
    _fmul                                    0x00008515   Thumb Code   258  fmul.o(x$fpl$fmul)
    __fpl_fnaninf                            0x00008617   Thumb Code   140  fnaninf.o(x$fpl$fnaninf)
    __fpl_fretinf                            0x000086a3   Thumb Code    10  fretinf.o(x$fpl$fretinf)
    __aeabi_cfrcmple                         0x000086ad   Thumb Code     0  frleqf.o(x$fpl$frleqf)
    _frcmple                                 0x000086ad   Thumb Code    98  frleqf.o(x$fpl$frleqf)
    _frnd                                    0x00008711   Thumb Code    96  frnd.o(x$fpl$frnd)
    __aeabi_frsub                            0x00008771   Thumb Code     0  faddsub_clz.o(x$fpl$frsb)
    _frsb                                    0x00008771   Thumb Code    20  faddsub_clz.o(x$fpl$frsb)
    _fsqrt                                   0x00008785   Thumb Code   272  fsqrt.o(x$fpl$fsqrt)
    __aeabi_fsub                             0x00008895   Thumb Code     0  faddsub_clz.o(x$fpl$fsub)
    _fsub                                    0x00008895   Thumb Code   234  faddsub_clz.o(x$fpl$fsub)
    _printf_fp_dec                           0x0000897f   Thumb Code     4  printf1.o(x$fpl$printf1)
    _printf_fp_hex                           0x00008983   Thumb Code     4  printf2.o(x$fpl$printf2)
    __fpl_return_NaN                         0x00008987   Thumb Code   100  retnan.o(x$fpl$retnan)
    __ARM_scalbn                             0x000089eb   Thumb Code    92  scalbn.o(x$fpl$scalbn)
    __ARM_scalbnf                            0x00008a47   Thumb Code    76  scalbnf.o(x$fpl$scalbnf)
    _scanf_real                              0x00008a93   Thumb Code     4  scanf1.o(x$fpl$scanf1)
    _scanf_hex_real                          0x00008a97   Thumb Code     4  scanf2.o(x$fpl$scanf2)
    _scanf_infnan                            0x00008a9b   Thumb Code     4  scanf2.o(x$fpl$scanf2)
    __fpl_cmpreturn                          0x00008a9f   Thumb Code    48  trapv.o(x$fpl$trapveneer)
    __I$use$fp                               0x00008ace   Number         0  usenofp.o(x$fpl$usenofp)
    __stdin_name                             0x00008b37   Data           7  retarget.o(.constdata)
    __stdout_name                            0x00008b3e   Data           8  retarget.o(.constdata)
    __stderr_name                            0x00008b46   Data           8  retarget.o(.constdata)
    vtable for m3pi                          0x000091f4   Data          68  m3pi.o(.constdata__ZTV4m3pi)
    vtable for mbed::FileHandle              0x00009238   Data          44  retarget.o(.constdata__ZTVN4mbed10FileHandleE)
    vtable for mbed::SerialBase              0x00009264   Data          16  SerialBase.o(.constdata__ZTVN4mbed10SerialBaseE)
    vtable for mbed::TimerEvent              0x00009274   Data          20  TimerEvent.o(.constdata__ZTVN4mbed10TimerEventE)
    vtable for mbed::BusOut                  0x00009288   Data          16  BusOut.o(.constdata__ZTVN4mbed6BusOutE)
    vtable for mbed::Serial                  0x00009298   Data          92  Serial.o(.constdata__ZTVN4mbed6SerialE)
    vtable for mbed::Stream                  0x000092f4   Data          68  Stream.o(.constdata__ZTVN4mbed6StreamE)
    vtable for mbed::Ticker                  0x00009338   Data          20  Ticker.o(.constdata__ZTVN4mbed6TickerE)
    vtable for mbed::FileBase                0x0000934c   Data          16  FileBase.o(.constdata__ZTVN4mbed8FileBaseE)
    vtable for mbed::FileLike                0x0000935c   Data          60  FileLike.o(.constdata__ZTVN4mbed8FileLikeE)
    vtable for mbed::RawSerial               0x00009398   Data          16  RawSerial.o(.constdata__ZTVN4mbed9RawSerialE)
    Region$$Table$$Base                      0x0000947c   Number         0  anon$$obj.o(Region$$Table)
    Region$$Table$$Limit                     0x0000949c   Number         0  anon$$obj.o(Region$$Table)
    __aeabi_HUGE_VAL                         0x0000949c   Data           0  fpconst.o(c$$dinf)
    __aeabi_HUGE_VALL                        0x0000949c   Data           0  fpconst.o(c$$dinf)
    __aeabi_INFINITY                         0x0000949c   Data           0  fpconst.o(c$$dinf)
    __dInf                                   0x0000949c   Data           0  fpconst.o(c$$dinf)
    __huge_val                               0x0000949c   Data           0  fpconst.o(c$$dinf)
    __ctype                                  0x000094cd   Data           0  lc_ctype_c.o(locale$$data)
    SHT$$INIT_ARRAY$$Base                    0x000095d0   Number         0  main.o(.init_array)
    SHT$$INIT_ARRAY$$Limit                   0x000095d4   Number         0  init_aeabi.o(.init_array)
    gotMsg                                   0x100000c8   Data           1  main.o(.data)
    match_count                              0x100000c9   Data           1  main.o(.data)
    inIdx                                    0x100000ca   Data           1  main.o(.data)
    outIdx                                   0x100000cb   Data           1  main.o(.data)
    SystemCoreClock                          0x100000d4   Data           4  system_LPC17xx.o(.data)
    stdio_uart_inited                        0x100000d8   Data           4  serial_api.o(.data)
    stdio_uart                               0x100000e0   Data           8  serial_api.o(.data)
    us_ticker_inited                         0x100000e8   Data           4  us_ticker.o(.data)
    mbed::FileBase::_head                    0x100000f4   Data           4  FileBase.o(.data)
    __aeabi_stdin                            0x100000f8   Data           4  stdio_streams.o(.data)
    __aeabi_stdout                           0x100000fc   Data           4  stdio_streams.o(.data)
    __aeabi_stderr                           0x10000100   Data           4  stdio_streams.o(.data)
    m3pi                                     0x10000108   Data         144  main.o(.bss)
    Wixel                                    0x10000198   Data          72  main.o(.bss)
    timer                                    0x100001e0   Data          48  main.o(.bss)
    arrayBuff                                0x10000210   Data         250  main.o(.bss)
    __stdin                                  0x10000620   Data          84  stdio_streams.o(.bss)
    __stdout                                 0x10000674   Data          84  stdio_streams.o(.bss)
    __stderr                                 0x100006c8   Data          84  stdio_streams.o(.bss)
    Image$$RW_IRAM1$$ZI$$Limit               0x10000744   Number         0  anon$$obj.o ABSOLUTE



==============================================================================

Memory Map of the image

  Image Entry point : 0x000000c5

  Load Region LR_IROM1 (Base: 0x00000000, Size: 0x00009614, Max: 0x00080000, ABSOLUTE)

    Execution Region ER_IROM1 (Base: 0x00000000, Size: 0x000095d4, Max: 0x00080000, ABSOLUTE)

    Base Addr    Size         Type   Attr      Idx    E Section Name        Object

    0x00000000   0x000000c4   Data   RO          480    RESET               startup_LPC17xx.o
    0x000000c4   0x00000008   Code   RO         1352  * !!!main             c_w.l(__main.o)
    0x000000cc   0x00000034   Code   RO         2222    !!!scatter          c_w.l(__scatter.o)
    0x00000100   0x0000001a   Code   RO         2224    !!handler_copy      c_w.l(__scatter_copy.o)
    0x0000011a   0x00000002   PAD
    0x0000011c   0x0000001c   Code   RO         2226    !!handler_zi        c_w.l(__scatter_zi.o)
    0x00000138   0x00000000   Code   RO         1292    .ARM.Collect$$_printf_percent$$00000000  c_w.l(_printf_percent.o)
    0x00000138   0x00000006   Code   RO         1692    .ARM.Collect$$_printf_percent$$00000001  c_w.l(_printf_n.o)
    0x0000013e   0x00000006   Code   RO         1288    .ARM.Collect$$_printf_percent$$00000002  c_w.l(_printf_p.o)
    0x00000144   0x00000006   Code   RO         1291    .ARM.Collect$$_printf_percent$$00000003  c_w.l(_printf_f.o)
    0x0000014a   0x00000006   Code   RO         1696    .ARM.Collect$$_printf_percent$$00000004  c_w.l(_printf_e.o)
    0x00000150   0x00000006   Code   RO         1697    .ARM.Collect$$_printf_percent$$00000005  c_w.l(_printf_g.o)
    0x00000156   0x00000006   Code   RO         1698    .ARM.Collect$$_printf_percent$$00000006  c_w.l(_printf_a.o)
    0x0000015c   0x0000000a   Code   RO         1703    .ARM.Collect$$_printf_percent$$00000007  c_w.l(_printf_ll.o)
    0x00000166   0x00000006   Code   RO         1289    .ARM.Collect$$_printf_percent$$00000008  c_w.l(_printf_i.o)
    0x0000016c   0x00000006   Code   RO         1290    .ARM.Collect$$_printf_percent$$00000009  c_w.l(_printf_d.o)
    0x00000172   0x00000006   Code   RO         1695    .ARM.Collect$$_printf_percent$$0000000A  c_w.l(_printf_u.o)
    0x00000178   0x00000006   Code   RO         1694    .ARM.Collect$$_printf_percent$$0000000B  c_w.l(_printf_o.o)
    0x0000017e   0x00000006   Code   RO         1693    .ARM.Collect$$_printf_percent$$0000000C  c_w.l(_printf_x.o)
    0x00000184   0x00000006   Code   RO         1700    .ARM.Collect$$_printf_percent$$0000000D  c_w.l(_printf_lli.o)
    0x0000018a   0x00000006   Code   RO         1701    .ARM.Collect$$_printf_percent$$0000000E  c_w.l(_printf_lld.o)
    0x00000190   0x00000006   Code   RO         1702    .ARM.Collect$$_printf_percent$$0000000F  c_w.l(_printf_llu.o)
    0x00000196   0x00000006   Code   RO         1707    .ARM.Collect$$_printf_percent$$00000010  c_w.l(_printf_llo.o)
    0x0000019c   0x00000006   Code   RO         1708    .ARM.Collect$$_printf_percent$$00000011  c_w.l(_printf_llx.o)
    0x000001a2   0x0000000a   Code   RO         1704    .ARM.Collect$$_printf_percent$$00000012  c_w.l(_printf_l.o)
    0x000001ac   0x00000006   Code   RO         1691    .ARM.Collect$$_printf_percent$$00000013  c_w.l(_printf_c.o)
    0x000001b2   0x00000006   Code   RO         1287    .ARM.Collect$$_printf_percent$$00000014  c_w.l(_printf_s.o)
    0x000001b8   0x00000006   Code   RO         1705    .ARM.Collect$$_printf_percent$$00000015  c_w.l(_printf_lc.o)
    0x000001be   0x00000006   Code   RO         1706    .ARM.Collect$$_printf_percent$$00000016  c_w.l(_printf_ls.o)
    0x000001c4   0x00000004   Code   RO         1699    .ARM.Collect$$_printf_percent$$00000017  c_w.l(_printf_percent_end.o)
    0x000001c8   0x00000002   Code   RO         2133    .ARM.Collect$$libinit$$00000000  c_w.l(libinit.o)
    0x000001ca   0x00000000   Code   RO         1759    .ARM.Collect$$libinit$$00000002  c_w.l(libinit2.o)
    0x000001ca   0x00000008   Code   RO         1760    .ARM.Collect$$libinit$$00000003  c_w.l(libinit2.o)
    0x000001d2   0x00000000   Code   RO         1762    .ARM.Collect$$libinit$$00000008  c_w.l(libinit2.o)
    0x000001d2   0x00000000   Code   RO         1764    .ARM.Collect$$libinit$$0000000A  c_w.l(libinit2.o)
    0x000001d2   0x00000000   Code   RO         1766    .ARM.Collect$$libinit$$0000000C  c_w.l(libinit2.o)
    0x000001d2   0x00000006   Code   RO         1767    .ARM.Collect$$libinit$$0000000D  c_w.l(libinit2.o)
    0x000001d8   0x00000000   Code   RO         1769    .ARM.Collect$$libinit$$0000000F  c_w.l(libinit2.o)
    0x000001d8   0x0000000c   Code   RO         1770    .ARM.Collect$$libinit$$00000010  c_w.l(libinit2.o)
    0x000001e4   0x00000000   Code   RO         1771    .ARM.Collect$$libinit$$00000011  c_w.l(libinit2.o)
    0x000001e4   0x00000000   Code   RO         1773    .ARM.Collect$$libinit$$00000013  c_w.l(libinit2.o)
    0x000001e4   0x0000000a   Code   RO         1774    .ARM.Collect$$libinit$$00000014  c_w.l(libinit2.o)
    0x000001ee   0x00000000   Code   RO         1775    .ARM.Collect$$libinit$$00000015  c_w.l(libinit2.o)
    0x000001ee   0x00000000   Code   RO         1777    .ARM.Collect$$libinit$$00000017  c_w.l(libinit2.o)
    0x000001ee   0x00000000   Code   RO         1779    .ARM.Collect$$libinit$$00000019  c_w.l(libinit2.o)
    0x000001ee   0x00000000   Code   RO         1781    .ARM.Collect$$libinit$$0000001B  c_w.l(libinit2.o)
    0x000001ee   0x00000000   Code   RO         1783    .ARM.Collect$$libinit$$0000001D  c_w.l(libinit2.o)
    0x000001ee   0x00000000   Code   RO         1785    .ARM.Collect$$libinit$$0000001F  c_w.l(libinit2.o)
    0x000001ee   0x00000000   Code   RO         1787    .ARM.Collect$$libinit$$00000021  c_w.l(libinit2.o)
    0x000001ee   0x00000004   Code   RO         1788    .ARM.Collect$$libinit$$00000022  c_w.l(libinit2.o)
    0x000001f2   0x00000000   Code   RO         1789    .ARM.Collect$$libinit$$00000023  c_w.l(libinit2.o)
    0x000001f2   0x00000000   Code   RO         1793    .ARM.Collect$$libinit$$0000002A  c_w.l(libinit2.o)
    0x000001f2   0x00000000   Code   RO         1795    .ARM.Collect$$libinit$$0000002C  c_w.l(libinit2.o)
    0x000001f2   0x00000000   Code   RO         1797    .ARM.Collect$$libinit$$0000002E  c_w.l(libinit2.o)
    0x000001f2   0x00000004   Code   RO         1798    .ARM.Collect$$libinit$$0000002F  c_w.l(libinit2.o)
    0x000001f6   0x00000000   Code   RO         1799    .ARM.Collect$$libinit$$00000030  c_w.l(libinit2.o)
    0x000001f6   0x00000002   Code   RO         1800    .ARM.Collect$$libinit$$00000031  c_w.l(libinit2.o)
    0x000001f8   0x00000006   Code   RO         1801    .ARM.Collect$$libshutdown$$00000001  c_w.l(libshutdown2.o)
    0x000001fe   0x00000000   Code   RO         1803    .ARM.Collect$$libshutdown$$00000003  c_w.l(libshutdown2.o)
    0x000001fe   0x00000000   Code   RO         1583    .ARM.Collect$$rtentry$$00000000  c_w.l(rtentry.o)
    0x000001fe   0x00000000   Code   RO         1898    .ARM.Collect$$rtentry$$00000002  c_w.l(rtentry2.o)
    0x000001fe   0x00000006   Code   RO         1910    .ARM.Collect$$rtentry$$00000004  c_w.l(rtentry4.o)
    0x00000204   0x00000000   Code   RO         1900    .ARM.Collect$$rtentry$$00000009  c_w.l(rtentry2.o)
    0x00000204   0x00000004   Code   RO         1901    .ARM.Collect$$rtentry$$0000000A  c_w.l(rtentry2.o)
    0x00000208   0x00000000   Code   RO         1903    .ARM.Collect$$rtentry$$0000000C  c_w.l(rtentry2.o)
    0x00000208   0x00000008   Code   RO         1904    .ARM.Collect$$rtentry$$0000000D  c_w.l(rtentry2.o)
    0x00000210   0x00000000   Code   RO         2089    .emb_text           c_w.l(maybetermalloc1.o)
    0x00000210   0x00000024   Code   RO          482    .text               startup_LPC17xx.o
    0x00000234   0x0000000a   Code   RO         1222    .text               c_w.l(vfprintf.o)
    0x0000023e   0x00000014   Code   RO         1230    .text               c_w.l(__2fprintf.o)
    0x00000252   0x00000002   PAD
    0x00000254   0x0000002c   Code   RO         1232    .text               c_w.l(__2sprintf.o)
    0x00000280   0x0000004e   Code   RO         1240    .text               c_w.l(_printf_pad.o)
    0x000002ce   0x00000014   Code   RO         1315    .text               c_w.l(setbuf.o)
    0x000002e2   0x00000002   PAD
    0x000002e4   0x00000008   Code   RO         1588    .text               c_w.l(rt_new_handler_addr.o)
    0x000002ec   0x00000008   Code   RO         1593    .text               c_w.l(rt_ddtor_pointer_addr.o)
    0x000002f4   0x00000008   Code   RO         1729    .text               c_w.l(ferror.o)
    0x000002fc   0x00000004   Code   RO          481    .ARM.__at_0x02FC    startup_LPC17xx.o
    0x00000300   0x00000e30   Code   RO            3    .text               main.o
    0x00001130   0x000004f8   Code   RO          334    .text               m3pi.o
    0x00001628   0x00000052   Code   RO         1242    .text               c_w.l(_printf_str.o)
    0x0000167a   0x00000002   PAD
    0x0000167c   0x00000074   Code   RO         1244    .text               c_w.l(_printf_dec.o)
    0x000016f0   0x00000094   Code   RO         1264    .text               c_w.l(_printf_hex_int_ll_ptr.o)
    0x00001784   0x00000188   Code   RO         1284    .text               c_w.l(__printf_flags_ss_wp.o)
    0x0000190c   0x0000003c   Code   RO         1295    .text               c_w.l(__0sscanf.o)
    0x00001948   0x0000014c   Code   RO         1297    .text               c_w.l(_scanf_int.o)
    0x00001a94   0x00000064   Code   RO         1299    .text               c_w.l(fflush.o)
    0x00001af8   0x000000ec   Code   RO         1313    .text               c_w.l(fopen.o)
    0x00001be4   0x0000004c   Code   RO         1323    .text               c_w.l(fclose.o)
    0x00001c30   0x00000048   Code   RO         1338    .text               c_w.l(strcpy.o)
    0x00001c78   0x0000003e   Code   RO         1340    .text               c_w.l(strlen.o)
    0x00001cb6   0x00000096   Code   RO         1342    .text               c_w.l(strncmp.o)
    0x00001d4c   0x0000007a   Code   RO         1344    .text               c_w.l(rt_memmove_w.o)
    0x00001dc6   0x0000004e   Code   RO         1346    .text               c_w.l(rt_memclr_w.o)
    0x00001e14   0x00000080   Code   RO         1350    .text               c_w.l(strcmpv7m.o)
    0x00001e94   0x00000024   Code   RO         1357    .text               c_w.l(init_aeabi.o)
    0x00001eb8   0x0000005e   Code   RO         1602    .text               c_w.l(h1_alloc.o)
    0x00001f16   0x0000004e   Code   RO         1604    .text               c_w.l(h1_free.o)
    0x00001f64   0x00000016   Code   RO         1660    .text               c_w.l(_rserrno.o)
    0x00001f7a   0x00000024   Code   RO         1662    .text               c_w.l(_printf_truncate.o)
    0x00001f9e   0x000000b2   Code   RO         1664    .text               c_w.l(_printf_intcommon.o)
    0x00002050   0x00000028   Code   RO         1666    .text               c_w.l(_printf_charcount.o)
    0x00002078   0x00000416   Code   RO         1668    .text               c_w.l(_printf_fp_dec.o)
    0x0000248e   0x00000002   PAD
    0x00002490   0x00000030   Code   RO         1670    .text               c_w.l(_printf_char_common.o)
    0x000024c0   0x0000000a   Code   RO         1672    .text               c_w.l(_sputc.o)
    0x000024ca   0x0000002c   Code   RO         1676    .text               c_w.l(_printf_char.o)
    0x000024f6   0x00000002   PAD
    0x000024f8   0x00000024   Code   RO         1678    .text               c_w.l(_printf_char_file.o)
    0x0000251c   0x000000bc   Code   RO         1680    .text               c_w.l(_printf_wctomb.o)
    0x000025d8   0x00000078   Code   RO         1683    .text               c_w.l(_printf_longlong_dec.o)
    0x00002650   0x00000070   Code   RO         1689    .text               c_w.l(_printf_oct_int_ll.o)
    0x000026c0   0x0000001c   Code   RO         1709    .text               c_w.l(_chval.o)
    0x000026dc   0x000004a4   Code   RO         1715    .text               c_w.l(scanf_fp.o)
    0x00002b80   0x0000002c   Code   RO         1717    .text               c_w.l(scanf_char.o)
    0x00002bac   0x00000040   Code   RO         1719    .text               c_w.l(_sgetc.o)
    0x00002bec   0x0000023a   Code   RO         1731    .text               c_w.l(filbuf.o)
    0x00002e26   0x000001d6   Code   RO         1733    .text               c_w.l(flsbuf.o)
    0x00002ffc   0x000000f8   Code   RO         1735    .text               c_w.l(fseek.o)
    0x000030f4   0x00000046   Code   RO         1737    .text               c_w.l(setvbuf.o)
    0x0000313a   0x00000002   PAD
    0x0000313c   0x000000f0   Code   RO         1739    .text               c_w.l(stdio.o)
    0x0000322c   0x00000138   Code   RO         1742    .text               c_w.l(initio.o)
    0x00003364   0x0000000e   Code   RO         1750    .text               c_w.l(defsig_pvfn_outer.o)
    0x00003372   0x00000064   Code   RO         1754    .text               c_w.l(rt_memcpy_w.o)
    0x000033d6   0x00000004   Code   RO         1825    .text               cpprt_w.l(arm_newhandler_noexceptions.o)
    0x000033da   0x00000002   PAD
    0x000033dc   0x00000008   Code   RO         1916    .text               c_w.l(rt_heap_descriptor.o)
    0x000033e4   0x00000008   Code   RO         1921    .text               c_w.l(rt_locale.o)
    0x000033ec   0x00000008   Code   RO         1926    .text               c_w.l(rt_errno_addr.o)
    0x000033f4   0x00000004   Code   RO         1931    .text               c_w.l(hguard.o)
    0x000033f8   0x0000008a   Code   RO         1933    .text               c_w.l(init_alloc.o)
    0x00003482   0x0000000e   Code   RO         1937    .text               c_w.l(h1_init.o)
    0x00003490   0x0000008a   Code   RO         1951    .text               c_w.l(lludiv10.o)
    0x0000351a   0x00000012   Code   RO         1953    .text               c_w.l(isspace.o)
    0x0000352c   0x000002f8   Code   RO         1955    .text               c_w.l(_printf_fp_hex.o)
    0x00003824   0x00000080   Code   RO         1958    .text               c_w.l(_printf_fp_infnan.o)
    0x000038a4   0x0000002c   Code   RO         1964    .text               c_w.l(_printf_wchar.o)
    0x000038d0   0x0000036c   Code   RO         1966    .text               c_w.l(_scanf.o)
    0x00003c3c   0x000000d8   Code   RO         1972    .text               c_w.l(bigflt0.o)
    0x00003d14   0x00000042   Code   RO         1999    .text               c_w.l(ftell.o)
    0x00003d56   0x00000002   PAD
    0x00003d58   0x00000038   Code   RO         2007    .text               c_w.l(flushlinebuffered.o)
    0x00003d90   0x00000040   Code   RO         2025    .text               c_w.l(_wcrtomb.o)
    0x00003dd0   0x0000000a   Code   RO         2030    .text               c_w.l(defsig_exit.o)
    0x00003dda   0x0000000e   Code   RO         2032    .text               c_w.l(defsig_rtred_outer.o)
    0x00003de8   0x00000030   Code   RO         2036    .text               c_w.l(defsig_pvfn_inner.o)
    0x00003e18   0x0000001a   Code   RO         2046    .text               cpprt_w.l(arm_exceptions_terminate.o)
    0x00003e32   0x00000002   PAD
    0x00003e34   0x0000000c   Code   RO         2083    .text               c_w.l(sys_exit.o)
    0x00003e40   0x00000010   Code   RO         2085    .text               c_w.l(rt_ctype_table.o)
    0x00003e50   0x00000034   Code   RO         2091    .text               c_w.l(h1_extend.o)
    0x00003e84   0x00000318   Code   RO         2095    .text               c_w.l(scanf_hexfp.o)
    0x0000419c   0x00000134   Code   RO         2097    .text               c_w.l(scanf_infnan.o)
    0x000042d0   0x00000010   Code   RO         2101    .text               c_w.l(abort.o)
    0x000042e0   0x00000032   Code   RO         2105    .text               c_w.l(defsig_general.o)
    0x00004312   0x00000002   PAD
    0x00004314   0x00000034   Code   RO         2111    .text               c_w.l(defsig_rtred_inner.o)
    0x00004348   0x0000000e   Code   RO         2113    .text               c_w.l(defsig_rtmem_outer.o)
    0x00004356   0x00000002   PAD
    0x00004358   0x00000050   Code   RO         2119    .text               c_w.l(heapauxa.o)
    0x000043a8   0x00000050   Code   RO         2140    .text               cpprt_w.l(arm_exceptions_globs.o)
    0x000043f8   0x0000000e   Code   RO         2154    .text               c_w.l(sys_wrch.o)
    0x00004406   0x00000002   Code   RO         2156    .text               c_w.l(use_no_semi.o)
    0x00004408   0x00000000   Code   RO         2158    .text               c_w.l(indicate_semi.o)
    0x00004408   0x00000008   Code   RO         2159    .text               c_w.l(rt_eh_globals_addr.o)
    0x00004410   0x00000026   Code   RO         2166    .text               c_w.l(llshl.o)
    0x00004436   0x0000000e   Code   RO         2173    .text               c_w.l(defsig_abrt_outer.o)
    0x00004444   0x00000050   Code   RO         2179    .text               c_w.l(defsig_rtmem_inner.o)
    0x00004494   0x0000003c   Code   RO         2183    .text               cpprt_w.l(arm_exceptions_mem.o)
    0x000044d0   0x00000030   Code   RO         2206    .text               c_w.l(defsig_abrt_inner.o)
    0x00004500   0x0000003e   Code   RO         1975    CL$$btod_d2e        c_w.l(btod.o)
    0x0000453e   0x00000046   Code   RO         1977    CL$$btod_d2e_denorm_low  c_w.l(btod.o)
    0x00004584   0x00000060   Code   RO         1976    CL$$btod_d2e_norm_op1  c_w.l(btod.o)
    0x000045e4   0x00000338   Code   RO         1985    CL$$btod_div_common  c_w.l(btod.o)
    0x0000491c   0x00000054   Code   RO         1983    CL$$btod_e2d        c_w.l(btod.o)
    0x00004970   0x000000c6   Code   RO         1982    CL$$btod_e2e        c_w.l(btod.o)
    0x00004a36   0x00000028   Code   RO         1979    CL$$btod_ediv       c_w.l(btod.o)
    0x00004a5e   0x00000028   Code   RO         1981    CL$$btod_edivd      c_w.l(btod.o)
    0x00004a86   0x00000028   Code   RO         1978    CL$$btod_emul       c_w.l(btod.o)
    0x00004aae   0x00000028   Code   RO         1980    CL$$btod_emuld      c_w.l(btod.o)
    0x00004ad6   0x00000244   Code   RO         1984    CL$$btod_mult_common  c_w.l(btod.o)
    0x00004d1a   0x00000012   Code   RO          493    i.$Sub$$main        retarget.o
    0x00004d2c   0x00000006   Code   RO          877    i.<Func1>           mbed.ar(SerialBase.o)
    0x00004d32   0x00000002   PAD
    0x00004d34   0x0000006c   Code   RO          466    i.NVIC_SetVector    cmsis_nvic.o
    0x00004da0   0x000000a0   Code   RO          474    i.SystemInit        system_LPC17xx.o
    0x00004e40   0x00000034   Code   RO           56    i._ZN4m3piD1Ev      main.o
    0x00004e74   0x00000088   Code   RO          372    i._ZN4mbed10DigitalOut5writeEi  m3pi.o
    0x00004efc   0x0000001a   Code   RO          360    i._ZN4mbed10DigitalOutC1E7PinName  m3pi.o
    0x00004f16   0x00000012   Code   RO          354    i._ZN4mbed10DigitalOutaSEi  m3pi.o
    0x00004f28   0x0000003a   Code   RO          590    i._ZN4mbed10FileHandle4flenEv  retarget.o
    0x00004f62   0x00000002   PAD
    0x00004f64   0x00000030   Code   RO          495    i._ZN4mbed10FileHandleD2Ev  retarget.o
    0x00004f94   0x00000006   Code   RO          878    i._ZN4mbed10SerialBase10_base_getcEv  mbed.ar(SerialBase.o)
    0x00004f9a   0x0000000e   Code   RO          879    i._ZN4mbed10SerialBase10_base_putcEi  mbed.ar(SerialBase.o)
    0x00004fa8   0x0000000e   Code   RO          881    i._ZN4mbed10SerialBase12_irq_handlerEj9SerialIrq  mbed.ar(SerialBase.o)
    0x00004fb6   0x00000010   Code   RO          883    i._ZN4mbed10SerialBase4baudEi  mbed.ar(SerialBase.o)
    0x00004fc6   0x00000032   Code   RO          884    i._ZN4mbed10SerialBase6attachEPFvvENS0_7IrqTypeE  mbed.ar(SerialBase.o)
    0x00004ff8   0x00000006   Code   RO          887    i._ZN4mbed10SerialBase9writeableEv  mbed.ar(SerialBase.o)
    0x00004ffe   0x00000002   PAD
    0x00005000   0x0000004c   Code   RO          888    i._ZN4mbed10SerialBaseC1E7PinNameS1_  mbed.ar(SerialBase.o)
    0x0000504c   0x00000006   Code   RO         1008    i._ZN4mbed10TimerEvent3irqEj  mbed.ar(TimerEvent.o)
    0x00005052   0x00000008   Code   RO         1009    i._ZN4mbed10TimerEvent6insertEj  mbed.ar(TimerEvent.o)
    0x0000505a   0x00000002   PAD
    0x0000505c   0x00000024   Code   RO         1011    i._ZN4mbed10TimerEventC2Ev  mbed.ar(TimerEvent.o)
    0x00005080   0x00000018   Code   RO         1013    i._ZN4mbed10TimerEventD2Ev  mbed.ar(TimerEvent.o)
    0x00005098   0x00000018   Code   RO          793    i._ZN4mbed15FunctionPointer4callEv  mbed.ar(FunctionPointer.o)
    0x000050b0   0x00000008   Code   RO          794    i._ZN4mbed15FunctionPointer6attachEPFvvE  mbed.ar(FunctionPointer.o)
    0x000050b8   0x0000000a   Code   RO          795    i._ZN4mbed15FunctionPointerC1EPFvvE  mbed.ar(FunctionPointer.o)
    0x000050c2   0x00000002   PAD
    0x000050c4   0x000000a4   Code   RO          676    i._ZN4mbed6BusOutC1E7PinNameS1_S1_S1_S1_S1_S1_S1_S1_S1_S1_S1_S1_S1_S1_S1_  mbed.ar(BusOut.o)
    0x00005168   0x00000028   Code   RO          679    i._ZN4mbed6BusOutD1Ev  mbed.ar(BusOut.o)
    0x00005190   0x0000004c   Code   RO          681    i._ZN4mbed6BusOutaSEi  mbed.ar(BusOut.o)
    0x000051dc   0x00000024   Code   RO          838    i._ZN4mbed6SerialC1E7PinNameS1_PKc  mbed.ar(Serial.o)
    0x00005200   0x00000004   Code   RO          925    i._ZN4mbed6Stream4flenEv  mbed.ar(Stream.o)
    0x00005204   0x00000014   Code   RO          926    i._ZN4mbed6Stream4getcEv  mbed.ar(Stream.o)
    0x00005218   0x00000018   Code   RO          928    i._ZN4mbed6Stream4putcEi  mbed.ar(Stream.o)
    0x00005230   0x0000002a   Code   RO          930    i._ZN4mbed6Stream4readEPvj  mbed.ar(Stream.o)
    0x0000525a   0x00000004   Code   RO          931    i._ZN4mbed6Stream5closeEv  mbed.ar(Stream.o)
    0x0000525e   0x00000004   Code   RO          933    i._ZN4mbed6Stream5lseekEli  mbed.ar(Stream.o)
    0x00005262   0x0000002a   Code   RO          935    i._ZN4mbed6Stream5writeEPKvj  mbed.ar(Stream.o)
    0x0000528c   0x00000004   Code   RO          936    i._ZN4mbed6Stream6isattyEv  mbed.ar(Stream.o)
    0x00005290   0x00000044   Code   RO          938    i._ZN4mbed6StreamC2EPKc  mbed.ar(Stream.o)
    0x000052d4   0x00000020   Code   RO          940    i._ZN4mbed6StreamD2Ev  mbed.ar(Stream.o)
    0x000052f4   0x0000001c   Code   RO          989    i._ZN4mbed6Ticker7handlerEv  mbed.ar(Ticker.o)
    0x00005310   0x00000004   Code   RO          998    i._ZN4mbed6TickerD1Ev  mbed.ar(Ticker.o)
    0x00005314   0x00000004   Code   RO         1097    i._ZN4mbed8FileBase11getPathTypeEv  mbed.ar(FileBase.o)
    0x00005318   0x00000038   Code   RO         1099    i._ZN4mbed8FileBase6lookupEPKcj  mbed.ar(FileBase.o)
    0x00005350   0x00000024   Code   RO         1101    i._ZN4mbed8FileBaseC1EPKcNS_8PathTypeE  mbed.ar(FileBase.o)
    0x00005374   0x00000038   Code   RO         1103    i._ZN4mbed8FileBaseD1Ev  mbed.ar(FileBase.o)
    0x000053ac   0x00000024   Code   RO         1127    i._ZN4mbed8FileLikeC2EPKc  mbed.ar(FileLike.o)
    0x000053d0   0x00000012   Code   RO         1129    i._ZN4mbed8FileLikeD2Ev  mbed.ar(FileLike.o)
    0x000053e2   0x00000018   Code   RO          710    i._ZN4mbed8FilePath10fileSystemEv  mbed.ar(FilePath.o)
    0x000053fa   0x0000001c   Code   RO          712    i._ZN4mbed8FilePath4fileEv  mbed.ar(FilePath.o)
    0x00005416   0x0000000a   Code   RO          713    i._ZN4mbed8FilePath6existsEv  mbed.ar(FilePath.o)
    0x00005420   0x00000018   Code   RO          714    i._ZN4mbed8FilePath6isFileEv  mbed.ar(FilePath.o)
    0x00005438   0x00000004   Code   RO          715    i._ZN4mbed8FilePath8fileNameEv  mbed.ar(FilePath.o)
    0x0000543c   0x00000040   Code   RO          716    i._ZN4mbed8FilePathC1EPKc  mbed.ar(FilePath.o)
    0x0000547c   0x00000004   Code   RO          804    i._ZN4mbed9RawSerial4getcEv  mbed.ar(RawSerial.o)
    0x00005480   0x00000004   Code   RO          805    i._ZN4mbed9RawSerial4putcEi  mbed.ar(RawSerial.o)
    0x00005484   0x00000010   Code   RO          808    i._ZN4mbed9RawSerialC1E7PinNameS1_  mbed.ar(RawSerial.o)
    0x00005494   0x00000002   Code   RO          828    i._ZN4mbed9RawSerialD1Ev  mbed.ar(RawSerial.o)
    0x00005496   0x0000000c   Code   RO           50    i._ZSt3cosf         main.o
    0x000054a2   0x00000018   Code   RO           32    i._ZSt3powfi        main.o
    0x000054ba   0x0000000c   Code   RO           26    i._ZSt3sinf         main.o
    0x000054c6   0x0000000c   Code   RO           38    i._ZSt4sqrtf        main.o
    0x000054d2   0x00000010   Code   RO           44    i._ZSt5atan2ff      main.o
    0x000054e2   0x00000006   Code   RO          839    i._ZThn72_N4mbed6Serial5_getcEv  mbed.ar(Serial.o)
    0x000054e8   0x00000006   Code   RO          840    i._ZThn72_N4mbed6Serial5_putcEi  mbed.ar(Serial.o)
    0x000054ee   0x00000008   Code   RO         1367    i._ZdlPv            cpprt_w.l(delete.o)
    0x000054f6   0x00000002   PAD
    0x000054f8   0x00000028   Code   RO         1370    i._Znwj             cpprt_w.l(new.o)
    0x00005520   0x00000028   Code   RO         2075    i.__ARM_fpclassify  m_ws.l(fpclassify.o)
    0x00005548   0x00000026   Code   RO         1887    i.__ARM_fpclassifyf  m_ws.l(fpclassifyf.o)
    0x0000556e   0x00000032   Code   RO         1377    i.__aeabi_atexit    cpprt_w.l(aeabi_atexit.o)
    0x000055a0   0x00000024   Code   RO         1380    i.__aeabi_vec_ctor_nocookie_nodtor  cpprt_w.l(aeabi_vec_ctor_nocookie_nodtor.o)
    0x000055c4   0x00000042   Code   RO         1841    i.__cxa_finalize    cpprt_w.l(cxa_finalize.o)
    0x00005606   0x00000006   Code   RO         1374    i.__cxa_pure_virtual  cpprt_w.l(pure_virt.o)
    0x0000560c   0x00000010   Code   RO         2218    i.__mathlib_dbl_underflow  m_ws.l(dunder.o)
    0x0000561c   0x0000000a   Code   RO         1889    i.__mathlib_flt_underflow  m_ws.l(funder.o)
    0x00005626   0x00000010   Code   RO         2077    i.__mathlib_narrow  m_ws.l(narrow.o)
    0x00005636   0x00000002   PAD
    0x00005638   0x00000158   Code   RO         1891    i.__mathlib_rredf2  m_ws.l(rredf.o)
    0x00005790   0x00000088   Code   RO         2078    i.__mathlib_tofloat  m_ws.l(narrow.o)
    0x00005818   0x00000016   Code   RO         2191    i.__support_ldexp   m_ws.l(ldexp.o)
    0x0000582e   0x00000002   PAD
    0x00005830   0x00000010   Code   RO          460    i.__user_setup_stackheap  sys.o
    0x00005840   0x0000000e   Code   RO         1277    i._is_digit         c_w.l(__printf_wp.o)
    0x0000584e   0x00000002   PAD
    0x00005850   0x0000002c   Code   RO          496    i._sys_close        retarget.o
    0x0000587c   0x00000028   Code   RO          499    i._sys_flen         retarget.o
    0x000058a4   0x00000028   Code   RO          500    i._sys_istty        retarget.o
    0x000058cc   0x0000014c   Code   RO          501    i._sys_open         retarget.o
    0x00005a18   0x00000040   Code   RO          502    i._sys_read         retarget.o
    0x00005a58   0x00000028   Code   RO          503    i._sys_seek         retarget.o
    0x00005a80   0x00000064   Code   RO          504    i._sys_write        retarget.o
    0x00005ae4   0x0000025c   Code   RO         1540    i.atan2f            m_ws.l(atan2f.o)
    0x00005d40   0x00000184   Code   RO         1548    i.cosf              m_ws.l(cosf.o)
    0x00005ec4   0x00000018   Code   RO         1150    i.error             mbed.ar(error.o)
    0x00005edc   0x0000002c   Code   RO         1156    i.exit              mbed.ar(exit.o)
    0x00005f08   0x00000018   Code   RO         1302    i.fgetc             c_w.l(fgetc.o)
    0x00005f20   0x0000001a   Code   RO         1308    i.fputc             c_w.l(fputc.o)
    0x00005f3a   0x00000002   PAD
    0x00005f3c   0x00000058   Code   RO         2151    i.frexp             m_ws.l(frexp.o)
    0x00005f94   0x00000050   Code   RO         1035    i.gpio_dir          mbed.ar(gpio_api.o)
    0x00005fe4   0x00000038   Code   RO         1036    i.gpio_init         mbed.ar(gpio_api.o)
    0x0000601c   0x00000026   Code   RO          653    i.gpio_init_in      mbed.ar(gpio.o)
    0x00006042   0x00000002   PAD
    0x00006044   0x00000044   Code   RO          656    i.gpio_init_out     mbed.ar(gpio.o)
    0x00006088   0x00000050   Code   RO          657    i.gpio_init_out_ex  mbed.ar(gpio.o)
    0x000060d8   0x00000006   Code   RO         1037    i.gpio_mode         mbed.ar(gpio_api.o)
    0x000060de   0x0000007e   Code   RO         2192    i.ldexp             m_ws.l(ldexp.o)
    0x0000615c   0x00000050   Code   RO          647    i.mbed_assert_internal  mbed.ar(assert.o)
    0x000061ac   0x00000108   Code   RO          486    i.mbed_die          board.o
    0x000062b4   0x00000004   Code   RO         1162    i.mbed_interface_connected  mbed.ar(mbed_interface.o)
    0x000062b8   0x00000002   Code   RO          506    i.mbed_main         retarget.o
    0x000062ba   0x00000002   Code   RO          507    i.mbed_sdk_init     retarget.o
    0x000062bc   0x0000005c   Code   RO         1048    i.pin_function      mbed.ar(pinmap.o)
    0x00006318   0x00000084   Code   RO         1049    i.pin_mode          mbed.ar(pinmap.o)
    0x0000639c   0x0000001e   Code   RO         1072    i.pinmap_find_peripheral  mbed.ar(pinmap_common.o)
    0x000063ba   0x00000002   PAD
    0x000063bc   0x00000038   Code   RO         1073    i.pinmap_merge      mbed.ar(pinmap_common.o)
    0x000063f4   0x00000058   Code   RO         1074    i.pinmap_peripheral  mbed.ar(pinmap_common.o)
    0x0000644c   0x00000050   Code   RO         1075    i.pinmap_pinout     mbed.ar(pinmap_common.o)
    0x0000649c   0x0000061c   Code   RO         1556    i.powf              m_ws.l(powf.o)
    0x00006ab8   0x00000010   Code   RO         1183    i.semihost_connected  mbed.ar(semihost_api.o)
    0x00006ac8   0x0000000c   Code   RO         1186    i.semihost_exit     mbed.ar(semihost_api.o)
    0x00006ad4   0x000001c4   Code   RO          598    i.serial_baud       mbed.ar(serial_api.o)
    0x00006c98   0x000000a0   Code   RO          602    i.serial_format     mbed.ar(serial_api.o)
    0x00006d38   0x00000038   Code   RO          604    i.serial_getc       mbed.ar(serial_api.o)
    0x00006d70   0x00000168   Code   RO          605    i.serial_init       mbed.ar(serial_api.o)
    0x00006ed8   0x0000001c   Code   RO          606    i.serial_irq_handler  mbed.ar(serial_api.o)
    0x00006ef4   0x0000001c   Code   RO          607    i.serial_irq_set    mbed.ar(serial_api.o)
    0x00006f10   0x000000d4   Code   RO          608    i.serial_irq_set_internal  mbed.ar(serial_api.o)
    0x00006fe4   0x00000068   Code   RO          610    i.serial_putc       mbed.ar(serial_api.o)
    0x0000704c   0x0000010c   Code   RO          612    i.serial_set_flow_control  mbed.ar(serial_api.o)
    0x00007158   0x00000058   Code   RO          613    i.serial_writable   mbed.ar(serial_api.o)
    0x000071b0   0x0000018c   Code   RO         1566    i.sinf              m_ws.l(sinf.o)
    0x0000733c   0x0000002c   Code   RO         1574    i.sqrtf             m_ws.l(sqrtf.o)
    0x00007368   0x00000014   Code   RO          614    i.uart0_irq         mbed.ar(serial_api.o)
    0x0000737c   0x00000014   Code   RO          615    i.uart1_irq         mbed.ar(serial_api.o)
    0x00007390   0x00000014   Code   RO          616    i.uart2_irq         mbed.ar(serial_api.o)
    0x000073a4   0x00000014   Code   RO          617    i.uart3_irq         mbed.ar(serial_api.o)
    0x000073b8   0x00000064   Code   RO          618    i.uart_irq          mbed.ar(serial_api.o)
    0x0000741c   0x0000000c   Code   RO         1057    i.us_ticker_clear_interrupt  mbed.ar(us_ticker.o)
    0x00007428   0x00000010   Code   RO         1058    i.us_ticker_disable_interrupt  mbed.ar(us_ticker.o)
    0x00007438   0x00000064   Code   RO         1059    i.us_ticker_init    mbed.ar(us_ticker.o)
    0x0000749c   0x00000040   Code   RO         1084    i.us_ticker_insert_event  mbed.ar(us_ticker_api.o)
    0x000074dc   0x00000040   Code   RO         1085    i.us_ticker_irq_handler  mbed.ar(us_ticker_api.o)
    0x0000751c   0x00000060   Code   RO         1060    i.us_ticker_read    mbed.ar(us_ticker.o)
    0x0000757c   0x00000038   Code   RO         1086    i.us_ticker_remove_event  mbed.ar(us_ticker_api.o)
    0x000075b4   0x00000014   Code   RO         1087    i.us_ticker_set_handler  mbed.ar(us_ticker_api.o)
    0x000075c8   0x00000014   Code   RO         1061    i.us_ticker_set_interrupt  mbed.ar(us_ticker.o)
    0x000075dc   0x00000024   Code   RO          666    i.wait              mbed.ar(wait_api.o)
    0x00007600   0x0000001c   Code   RO          667    i.wait_ms           mbed.ar(wait_api.o)
    0x0000761c   0x0000002c   Code   RO         2028    locale$$code        c_w.l(lc_numeric_c.o)
    0x00007648   0x0000002c   Code   RO         2169    locale$$code        c_w.l(lc_ctype_c.o)
    0x00007674   0x00000062   Code   RO         1483    x$fpl$d2f           fz_ws.l(d2f.o)
    0x000076d6   0x00000002   PAD
    0x000076d8   0x00000150   Code   RO         1485    x$fpl$dadd          fz_ws.l(daddsub_clz.o)
    0x00007828   0x00000010   Code   RO         2216    x$fpl$dcheck1       fz_ws.l(dcheck1.o)
    0x00007838   0x00000018   Code   RO         1854    x$fpl$dcmpinf       fz_ws.l(dcmpi.o)
    0x00007850   0x000002b0   Code   RO         1492    x$fpl$ddiv          fz_ws.l(ddiv.o)
    0x00007b00   0x00000078   Code   RO         2146    x$fpl$deqf          fz_ws.l(deqf.o)
    0x00007b78   0x0000002e   Code   RO         1496    x$fpl$dflt          fz_ws.l(dflt_clz.o)
    0x00007ba6   0x00000002   PAD
    0x00007ba8   0x00000078   Code   RO         1501    x$fpl$dleqf         fz_ws.l(dleqf.o)
    0x00007c20   0x00000154   Code   RO         1503    x$fpl$dmul          fz_ws.l(dmul.o)
    0x00007d74   0x0000009c   Code   RO         1856    x$fpl$dnaninf       fz_ws.l(dnaninf.o)
    0x00007e10   0x0000000c   Code   RO         1858    x$fpl$dretinf       fz_ws.l(dretinf.o)
    0x00007e1c   0x0000006c   Code   RO         1505    x$fpl$drleqf        fz_ws.l(drleqf.o)
    0x00007e88   0x000001d4   Code   RO         1487    x$fpl$dsub          fz_ws.l(daddsub_clz.o)
    0x0000805c   0x00000056   Code   RO         1507    x$fpl$f2d           fz_ws.l(f2d.o)
    0x000080b2   0x00000002   PAD
    0x000080b4   0x000000c4   Code   RO         1509    x$fpl$fadd          fz_ws.l(faddsub_clz.o)
    0x00008178   0x0000000c   Code   RO         2062    x$fpl$fcheck1       fz_ws.l(fcheck1.o)
    0x00008184   0x00000018   Code   RO         1860    x$fpl$fcmpinf       fz_ws.l(fcmpi.o)
    0x0000819c   0x00000184   Code   RO         1863    x$fpl$fdiv          fz_ws.l(fdiv.o)
    0x00008320   0x00000068   Code   RO         1866    x$fpl$feqf          fz_ws.l(feqf.o)
    0x00008388   0x00000036   Code   RO         1515    x$fpl$ffix          fz_ws.l(ffix.o)
    0x000083be   0x00000002   PAD
    0x000083c0   0x00000052   Code   RO         1516    x$fpl$ffixr         fz_ws.l(ffix.o)
    0x00008412   0x00000002   PAD
    0x00008414   0x0000003e   Code   RO         1519    x$fpl$ffixu         fz_ws.l(ffixu.o)
    0x00008452   0x00000002   PAD
    0x00008454   0x00000030   Code   RO         1524    x$fpl$fflt          fz_ws.l(fflt_clz.o)
    0x00008484   0x00000026   Code   RO         1523    x$fpl$ffltu         fz_ws.l(fflt_clz.o)
    0x000084aa   0x00000002   PAD
    0x000084ac   0x00000068   Code   RO         1529    x$fpl$fleqf         fz_ws.l(fleqf.o)
    0x00008514   0x00000102   Code   RO         1531    x$fpl$fmul          fz_ws.l(fmul.o)
    0x00008616   0x0000008c   Code   RO         1868    x$fpl$fnaninf       fz_ws.l(fnaninf.o)
    0x000086a2   0x0000000a   Code   RO         1870    x$fpl$fretinf       fz_ws.l(fretinf.o)
    0x000086ac   0x00000062   Code   RO         1533    x$fpl$frleqf        fz_ws.l(frleqf.o)
    0x0000870e   0x00000002   PAD
    0x00008710   0x00000060   Code   RO         1872    x$fpl$frnd          fz_ws.l(frnd.o)
    0x00008770   0x00000014   Code   RO         1510    x$fpl$frsb          fz_ws.l(faddsub_clz.o)
    0x00008784   0x00000110   Code   RO         1874    x$fpl$fsqrt         fz_ws.l(fsqrt.o)
    0x00008894   0x000000ea   Code   RO         1511    x$fpl$fsub          fz_ws.l(faddsub_clz.o)
    0x0000897e   0x00000004   Code   RO         1535    x$fpl$printf1       fz_ws.l(printf1.o)
    0x00008982   0x00000004   Code   RO         1878    x$fpl$printf2       fz_ws.l(printf2.o)
    0x00008986   0x00000064   Code   RO         2148    x$fpl$retnan        fz_ws.l(retnan.o)
    0x000089ea   0x0000005c   Code   RO         2186    x$fpl$scalbn        fz_ws.l(scalbn.o)
    0x00008a46   0x0000004c   Code   RO         1884    x$fpl$scalbnf       fz_ws.l(scalbnf.o)
    0x00008a92   0x00000004   Code   RO         1537    x$fpl$scanf1        fz_ws.l(scanf1.o)
    0x00008a96   0x00000008   Code   RO         2069    x$fpl$scanf2        fz_ws.l(scanf2.o)
    0x00008a9e   0x00000030   Code   RO         2188    x$fpl$trapveneer    fz_ws.l(trapv.o)
    0x00008ace   0x00000000   Code   RO         1886    x$fpl$usenofp       fz_ws.l(usenofp.o)
    0x00008ace   0x00000002   PAD
    0x00008ad0   0x00000067   Data   RO          487    .constdata          board.o
    0x00008b37   0x00000017   Data   RO          544    .constdata          retarget.o
    0x00008b4e   0x00000002   PAD
    0x00008b50   0x000002b8   Data   RO          620    .constdata          mbed.ar(serial_api.o)
    0x00008e08   0x00000067   Data   RO          658    .constdata          mbed.ar(gpio.o)
    0x00008e6f   0x00000001   PAD
    0x00008e70   0x00000067   Data   RO          692    .constdata          mbed.ar(BusOut.o)
    0x00008ed7   0x00000001   PAD
    0x00008ed8   0x00000068   Data   RO         1039    .constdata          mbed.ar(gpio_api.o)
    0x00008f40   0x00000054   Data   RO         1050    .constdata          mbed.ar(pinmap.o)
    0x00008f94   0x00000028   Data   RO         1265    .constdata          c_w.l(_printf_hex_int_ll_ptr.o)
    0x00008fbc   0x00000011   Data   RO         1285    .constdata          c_w.l(__printf_flags_ss_wp.o)
    0x00008fcd   0x00000003   PAD
    0x00008fd0   0x00000140   Data   RO         1557    .constdata          m_ws.l(powf.o)
    0x00009110   0x00000008   Data   RO         1681    .constdata          c_w.l(_printf_wctomb.o)
    0x00009118   0x00000020   Data   RO         1892    .constdata          m_ws.l(rredf.o)
    0x00009138   0x00000026   Data   RO         1956    .constdata          c_w.l(_printf_fp_hex.o)
    0x0000915e   0x00000002   PAD
    0x00009160   0x00000094   Data   RO         1973    .constdata          c_w.l(bigflt0.o)
    0x000091f4   0x00000044   Data   RO          350    .constdata__ZTV4m3pi  m3pi.o
    0x00009238   0x0000002c   Data   RO          589    .constdata__ZTVN4mbed10FileHandleE  retarget.o
    0x00009264   0x00000010   Data   RO          916    .constdata__ZTVN4mbed10SerialBaseE  mbed.ar(SerialBase.o)
    0x00009274   0x00000014   Data   RO         1030    .constdata__ZTVN4mbed10TimerEventE  mbed.ar(TimerEvent.o)
    0x00009288   0x00000010   Data   RO          705    .constdata__ZTVN4mbed6BusOutE  mbed.ar(BusOut.o)
    0x00009298   0x0000005c   Data   RO          854    .constdata__ZTVN4mbed6SerialE  mbed.ar(Serial.o)
    0x000092f4   0x00000044   Data   RO          984    .constdata__ZTVN4mbed6StreamE  mbed.ar(Stream.o)
    0x00009338   0x00000014   Data   RO          997    .constdata__ZTVN4mbed6TickerE  mbed.ar(Ticker.o)
    0x0000934c   0x00000010   Data   RO         1122    .constdata__ZTVN4mbed8FileBaseE  mbed.ar(FileBase.o)
    0x0000935c   0x0000003c   Data   RO         1145    .constdata__ZTVN4mbed8FileLikeE  mbed.ar(FileLike.o)
    0x00009398   0x00000010   Data   RO          822    .constdata__ZTVN4mbed9RawSerialE  mbed.ar(RawSerial.o)
    0x000093a8   0x000000d1   Data   RO            6    .conststring        main.o
    0x00009479   0x00000003   PAD
    0x0000947c   0x00000020   Data   RO         2221    Region$$Table       anon$$obj.o
    0x0000949c   0x00000008   Data   RO         2064    c$$dinf             fz_ws.l(fpconst.o)
    0x000094a4   0x0000001c   Data   RO         2027    locale$$data        c_w.l(lc_numeric_c.o)
    0x000094c0   0x00000110   Data   RO         2168    locale$$data        c_w.l(lc_ctype_c.o)
    0x000095d0   0x00000004   Data   RO            8    .init_array         main.o
    0x000095d4   0x00000000   Data   RO         1355    .init_array         c_w.l(init_aeabi.o)


    Execution Region RW_IRAM1 (Base: 0x100000c8, Size: 0x0000067c, Max: 0x00007f38, ABSOLUTE)

    Base Addr    Size         Type   Attr      Idx    E Section Name        Object

    0x100000c8   0x0000000c   Data   RW            7    .data               main.o
    0x100000d4   0x00000004   Data   RW          475    .data               system_LPC17xx.o
    0x100000d8   0x00000010   Data   RW          621    .data               mbed.ar(serial_api.o)
    0x100000e8   0x00000004   Data   RW         1062    .data               mbed.ar(us_ticker.o)
    0x100000ec   0x00000008   Data   RW         1088    .data               mbed.ar(us_ticker_api.o)
    0x100000f4   0x00000004   Data   RW         1111    .data               mbed.ar(FileBase.o)
    0x100000f8   0x00000004   Data   RW         1320    .data               c_w.l(stdio_streams.o)
    0x100000fc   0x00000004   Data   RW         1321    .data               c_w.l(stdio_streams.o)
    0x10000100   0x00000004   Data   RW         1322    .data               c_w.l(stdio_streams.o)
    0x10000104   0x00000004   Data   RW         2120    .data               c_w.l(heapauxa.o)
    0x10000108   0x000003f6   Zero   RW            5    .bss                main.o
    0x100004fe   0x00000002   PAD
    0x10000500   0x00000040   Zero   RW          543    .bss                retarget.o
    0x10000540   0x000000e0   Zero   RW          619    .bss                mbed.ar(serial_api.o)
    0x10000620   0x00000054   Zero   RW         1317    .bss                c_w.l(stdio_streams.o)
    0x10000674   0x00000054   Zero   RW         1318    .bss                c_w.l(stdio_streams.o)
    0x100006c8   0x00000054   Zero   RW         1319    .bss                c_w.l(stdio_streams.o)
    0x1000071c   0x00000004   Zero   RW         1589    .bss                c_w.l(rt_new_handler_addr.o)
    0x10000720   0x00000004   Zero   RW         1594    .bss                c_w.l(rt_ddtor_pointer_addr.o)
    0x10000724   0x00000004   Zero   RW         1917    .bss                c_w.l(rt_heap_descriptor.o)
    0x10000728   0x00000014   Zero   RW         1922    .bss                c_w.l(rt_locale.o)
    0x1000073c   0x00000004   Zero   RW         1927    .bss                c_w.l(rt_errno_addr.o)
    0x10000740   0x00000004   Zero   RW         2160    .bss                c_w.l(rt_eh_globals_addr.o)


    Execution Region RW_IRAM2 (Base: 0x2007c000, Size: 0x00000000, Max: 0x00004000, ABSOLUTE)

    **** No section assigned to this execution region ****


    Execution Region RW_IRAM3 (Base: 0x20080000, Size: 0x00000000, Max: 0x00004000, ABSOLUTE)

    **** No section assigned to this execution region ****


    Execution Region RW_IRAM4 (Base: 0x40038000, Size: 0x00000000, Max: 0x00000800, ABSOLUTE)

    **** No section assigned to this execution region ****


==============================================================================

Image component sizes


      Code (inc. data)   RO Data    RW Data    ZI Data      Debug   Object Name

       264         22        103          0          0         76   board.o
       108          6          0          0          0         84   cmsis_nvic.o
      1452        132         68          0          0      18238   m3pi.o
      3760        360        213         12       1014      51043   main.o
       788         90         67          0         64        928   retarget.o
        40         12        196          0          0        228   startup_LPC17xx.o
        16          6          0          0          0         68   sys.o
       160         10          0          4          0         68   system_LPC17xx.o

    ----------------------------------------------------------------------
      6590        638        684         16       1080      70733   Object Totals
         0          0         32          0          0          0   (incl. Generated)
         2          0          5          0          2          0   (incl. Padding)

    ----------------------------------------------------------------------

      Code (inc. data)   RO Data    RW Data    ZI Data      Debug   Library Member Name

        60          8          0          0          0         84   __0sscanf.o
        20          0          0          0          0         84   __2fprintf.o
        44          6          0          0          0         84   __2sprintf.o
         8          0          0          0          0         68   __main.o
       392          4         17          0          0         92   __printf_flags_ss_wp.o
        14          0          0          0          0         68   __printf_wp.o
        52          8          0          0          0          0   __scatter.o
        26          0          0          0          0          0   __scatter_copy.o
        28          0          0          0          0          0   __scatter_zi.o
        28          0          0          0          0         68   _chval.o
         6          0          0          0          0          0   _printf_a.o
         6          0          0          0          0          0   _printf_c.o
        44          0          0          0          0        108   _printf_char.o
        48          6          0          0          0         96   _printf_char_common.o
        36          4          0          0          0         80   _printf_char_file.o
        40          0          0          0          0         68   _printf_charcount.o
         6          0          0          0          0          0   _printf_d.o
       116         16          0          0          0         92   _printf_dec.o
         6          0          0          0          0          0   _printf_e.o
         6          0          0          0          0          0   _printf_f.o
      1046          0          0          0          0        216   _printf_fp_dec.o
       760         10         38          0          0        100   _printf_fp_hex.o
       128         16          0          0          0         84   _printf_fp_infnan.o
         6          0          0          0          0          0   _printf_g.o
       148          4         40          0          0        160   _printf_hex_int_ll_ptr.o
         6          0          0          0          0          0   _printf_i.o
       178          0          0          0          0         88   _printf_intcommon.o
        10          0          0          0          0          0   _printf_l.o
         6          0          0          0          0          0   _printf_lc.o
        10          0          0          0          0          0   _printf_ll.o
         6          0          0          0          0          0   _printf_lld.o
         6          0          0          0          0          0   _printf_lli.o
         6          0          0          0          0          0   _printf_llo.o
         6          0          0          0          0          0   _printf_llu.o
         6          0          0          0          0          0   _printf_llx.o
       120         16          0          0          0         92   _printf_longlong_dec.o
         6          0          0          0          0          0   _printf_ls.o
         6          0          0          0          0          0   _printf_n.o
         6          0          0          0          0          0   _printf_o.o
       112          8          0          0          0        124   _printf_oct_int_ll.o
         6          0          0          0          0          0   _printf_p.o
        78          0          0          0          0        108   _printf_pad.o
         0          0          0          0          0          0   _printf_percent.o
         4          0          0          0          0          0   _printf_percent_end.o
         6          0          0          0          0          0   _printf_s.o
        82          0          0          0          0         80   _printf_str.o
        36          0          0          0          0         84   _printf_truncate.o
         6          0          0          0          0          0   _printf_u.o
        44          0          0          0          0        108   _printf_wchar.o
       188          6          8          0          0         92   _printf_wctomb.o
         6          0          0          0          0          0   _printf_x.o
        22          0          0          0          0        100   _rserrno.o
       876          4          0          0          0        100   _scanf.o
       332          0          0          0          0         96   _scanf_int.o
        64          0          0          0          0         84   _sgetc.o
        10          0          0          0          0         68   _sputc.o
        64          0          0          0          0         92   _wcrtomb.o
        16          0          0          0          0         72   abort.o
       216          4        148          0          0         96   bigflt0.o
      2074        132          0          0          0        940   btod.o
        48         34          0          0          0         76   defsig_abrt_inner.o
        14          0          0          0          0         80   defsig_abrt_outer.o
        10          0          0          0          0         68   defsig_exit.o
        50          0          0          0          0         88   defsig_general.o
        48         34          0          0          0         76   defsig_pvfn_inner.o
        14          0          0          0          0         80   defsig_pvfn_outer.o
        80         58          0          0          0         76   defsig_rtmem_inner.o
        14          0          0          0          0         80   defsig_rtmem_outer.o
        52         38          0          0          0         76   defsig_rtred_inner.o
        14          0          0          0          0         80   defsig_rtred_outer.o
        76          0          0          0          0         88   fclose.o
         8          0          0          0          0         68   ferror.o
       100          4          0          0          0        120   fflush.o
        24          0          0          0          0         68   fgetc.o
       570          0          0          0          0        132   filbuf.o
       470          0          0          0          0         88   flsbuf.o
        56          6          0          0          0         80   flushlinebuffered.o
       236          4          0          0          0        128   fopen.o
        26          0          0          0          0         68   fputc.o
       248          6          0          0          0         84   fseek.o
        66          0          0          0          0         76   ftell.o
        94          0          0          0          0         80   h1_alloc.o
        52          0          0          0          0         68   h1_extend.o
        78          0          0          0          0         80   h1_free.o
        14          0          0          0          0         84   h1_init.o
        80          6          0          4          0         96   heapauxa.o
         4          0          0          0          0        136   hguard.o
         0          0          0          0          0          0   indicate_semi.o
        36         10          0          0          0         80   init_aeabi.o
       138          0          0          0          0        168   init_alloc.o
       312         46          0          0          0        112   initio.o
        18          0          0          0          0         76   isspace.o
        44         10        272          0          0         76   lc_ctype_c.o
        44         10         28          0          0         76   lc_numeric_c.o
         2          0          0          0          0          0   libinit.o
        46          0          0          0          0          0   libinit2.o
         6          0          0          0          0          0   libshutdown2.o
        38          0          0          0          0         68   llshl.o
       138          0          0          0          0         80   lludiv10.o
         0          0          0          0          0          0   maybetermalloc1.o
        16          4          0          0          0         76   rt_ctype_table.o
         8          4          0          0          4         68   rt_ddtor_pointer_addr.o
         8          4          0          0          4         68   rt_eh_globals_addr.o
         8          4          0          0          4         68   rt_errno_addr.o
         8          4          0          0          4         68   rt_heap_descriptor.o
         8          4          0          0         20         68   rt_locale.o
        78          0          0          0          0         80   rt_memclr_w.o
       100          0          0          0          0         80   rt_memcpy_w.o
       122          0          0          0          0         80   rt_memmove_w.o
         8          4          0          0          4         68   rt_new_handler_addr.o
         0          0          0          0          0          0   rtentry.o
        12          0          0          0          0          0   rtentry2.o
         6          0          0          0          0          0   rtentry4.o
        44          8          0          0          0         84   scanf_char.o
      1188         12          0          0          0        148   scanf_fp.o
       792         14          0          0          0        100   scanf_hexfp.o
       308         16          0          0          0        100   scanf_infnan.o
        20          0          0          0          0         68   setbuf.o
        70          0          0          0          0         80   setvbuf.o
       240          6          0          0          0        156   stdio.o
         0          0          0         12        252          0   stdio_streams.o
       128          0          0          0          0         68   strcmpv7m.o
        72          0          0          0          0         80   strcpy.o
        62          0          0          0          0         76   strlen.o
       150          0          0          0          0         80   strncmp.o
        12          4          0          0          0         68   sys_exit.o
        14          0          0          0          0         76   sys_wrch.o
         2          0          0          0          0         68   use_no_semi.o
        10          0          0          0          0         68   vfprintf.o
        50          0          0          0          0         84   aeabi_atexit.o
        36          0          0          0          0         84   aeabi_vec_ctor_nocookie_nodtor.o
        80         12          0          0          0        104   arm_exceptions_globs.o
        60          0          0          0          0        108   arm_exceptions_mem.o
        26          0          0          0          0         76   arm_exceptions_terminate.o
         4          0          0          0          0         68   arm_newhandler_noexceptions.o
        66          0          0          0          0         84   cxa_finalize.o
         8          0          0          0          0         76   delete.o
        40          6          0          0          0         76   new.o
         6          0          0          0          0         68   pure_virt.o
        98          4          0          0          0         92   d2f.o
       804         16          0          0          0        272   daddsub_clz.o
        16          4          0          0          0         68   dcheck1.o
        24          0          0          0          0         68   dcmpi.o
       688        140          0          0          0        208   ddiv.o
       120          4          0          0          0         92   deqf.o
        46          0          0          0          0         68   dflt_clz.o
       120          4          0          0          0         92   dleqf.o
       340         12          0          0          0        104   dmul.o
       156          4          0          0          0         92   dnaninf.o
        12          0          0          0          0         68   dretinf.o
       108          0          0          0          0         80   drleqf.o
        86          4          0          0          0         84   f2d.o
       450          8          0          0          0        236   faddsub_clz.o
        12          4          0          0          0         68   fcheck1.o
        24          0          0          0          0         68   fcmpi.o
       388         76          0          0          0         96   fdiv.o
       104          4          0          0          0         84   feqf.o
       136          8          0          0          0        168   ffix.o
        62          4          0          0          0         84   ffixu.o
        86          0          0          0          0        136   fflt_clz.o
       104          4          0          0          0         84   fleqf.o
       258          4          0          0          0         84   fmul.o
       140          4          0          0          0         84   fnaninf.o
         0          0          8          0          0          0   fpconst.o
        10          0          0          0          0         68   fretinf.o
        98          0          0          0          0         68   frleqf.o
        96          4          0          0          0         76   frnd.o
       272        100          0          0          0         88   fsqrt.o
         4          0          0          0          0         68   printf1.o
         4          0          0          0          0         68   printf2.o
       100          0          0          0          0         68   retnan.o
        92          0          0          0          0         68   scalbn.o
        76          0          0          0          0         68   scalbnf.o
         4          0          0          0          0         68   scanf1.o
         8          0          0          0          0         84   scanf2.o
        48          0          0          0          0         68   trapv.o
         0          0          0          0          0          0   usenofp.o
       604         76          0          0          0        116   atan2f.o
       388         54          0          0          0        124   cosf.o
        16          6          0          0          0         68   dunder.o
        40          0          0          0          0         68   fpclassify.o
        38          0          0          0          0         68   fpclassifyf.o
        88          8          0          0          0         76   frexp.o
        10          0          0          0          0         68   funder.o
       148          0          0          0          0        160   ldexp.o
       152          4          0          0          0        160   narrow.o
      1564         82        320          0          0        240   powf.o
       344         18         32          0          0         88   rredf.o
       396         52          0          0          0        124   sinf.o
        44          0          0          0          0         80   sqrtf.o
       280         12        119          0          0        260   BusOut.o
       152         24         16          4          0        284   FileBase.o
        54         10         60          0          0        156   FileLike.o
       154          0          0          0          0        440   FilePath.o
        42          0          0          0          0        204   FunctionPointer.o
        26          4         16          0          0        280   RawSerial.o
        48          4         92          0          0        212   Serial.o
       188         14         16          0          0        604   SerialBase.o
       244         18         68          0          0        772   Stream.o
        32          0         20          0          0        148   Ticker.o
        74         16         20          0          0        288   TimerEvent.o
        80         56          0          0          0         80   assert.o
        24          4          0          0          0         80   error.o
        44          8          0          0          0         72   exit.o
       186         12        103          0          0        268   gpio.o
       142         28        104          0          0        228   gpio_api.o
         4          0          0          0          0         68   mbed_interface.o
       224         58         84          0          0        160   pinmap.o
       254         76          0          0          0        308   pinmap_common.o
        28          6          0          0          0        144   semihost_api.o
      1936        196        696         16        224       1204   serial_api.o
       244         64          0          4          0        356   us_ticker.o
       204         22          0          8          0        320   us_ticker_api.o
        64          4          0          0          0        160   wait_api.o

    ----------------------------------------------------------------------
     28750       1972       2332         48        516      21884   Library Totals
        64          0          7          0          0          0   (incl. Padding)

    ----------------------------------------------------------------------

      Code (inc. data)   RO Data    RW Data    ZI Data      Debug   Library Name

     14556        606        551         16        292       9080   c_w.l
       376         18          0          0          0        828   cpprt_w.l
      5194        412          8          0          0       3440   fz_ws.l
      3832        300        352          0          0       1440   m_ws.l
      4728        636       1414         32        224       7096   mbed.ar

    ----------------------------------------------------------------------
     28750       1972       2332         48        516      21884   Library Totals

    ----------------------------------------------------------------------

==============================================================================


      Code (inc. data)   RO Data    RW Data    ZI Data      Debug   

     35340       2610       3016         64       1596      78001   Grand Totals
     35340       2610       3016         64       1596      78001   ELF Image Totals
     35340       2610       3016         64          0          0   ROM Totals

==============================================================================

    Total RO  Size (Code + RO Data)                38356 (  37.46kB)
    Total RW  Size (RW Data + ZI Data)              1660 (   1.62kB)
    Total ROM Size (Code + RO Data + RW Data)      38420 (  37.52kB)

==============================================================================

